Archive member included to satisfy reference by file (symbol)

libraries/lib-mcu/libstm32l1.a(stm32l1xx_gpio.o)
                              /tmp/ccVVH8Pn.o (GPIO_Init)
libraries/lib-mcu/libstm32l1.a(stm32l1xx_rcc.o)
                              /tmp/ccVVH8Pn.o (RCC_AHBPeriphClockCmd)
/home/mikhail/bin/arm-cortexm3-eabi/lib/gcc/arm-cortexm3-eabi/13.2.0/../../../../arm-cortexm3-eabi/lib/libg.a(libc_a-atexit.o)
                              /home/mikhail/bin/arm-cortexm3-eabi/lib/gcc/arm-cortexm3-eabi/13.2.0/../../../../arm-cortexm3-eabi/lib/crt0.o (atexit)
/home/mikhail/bin/arm-cortexm3-eabi/lib/gcc/arm-cortexm3-eabi/13.2.0/../../../../arm-cortexm3-eabi/lib/libg.a(libc_a-exit.o)
                              /home/mikhail/bin/arm-cortexm3-eabi/lib/gcc/arm-cortexm3-eabi/13.2.0/../../../../arm-cortexm3-eabi/lib/crt0.o (exit)
/home/mikhail/bin/arm-cortexm3-eabi/lib/gcc/arm-cortexm3-eabi/13.2.0/../../../../arm-cortexm3-eabi/lib/libg.a(libc_a-findfp.o)
                              /home/mikhail/bin/arm-cortexm3-eabi/lib/gcc/arm-cortexm3-eabi/13.2.0/../../../../arm-cortexm3-eabi/lib/libg.a(libc_a-exit.o) (__stdio_exit_handler)
/home/mikhail/bin/arm-cortexm3-eabi/lib/gcc/arm-cortexm3-eabi/13.2.0/../../../../arm-cortexm3-eabi/lib/libg.a(libc_a-fwalk.o)
                              /home/mikhail/bin/arm-cortexm3-eabi/lib/gcc/arm-cortexm3-eabi/13.2.0/../../../../arm-cortexm3-eabi/lib/libg.a(libc_a-findfp.o) (_fwalk_sglue)
/home/mikhail/bin/arm-cortexm3-eabi/lib/gcc/arm-cortexm3-eabi/13.2.0/../../../../arm-cortexm3-eabi/lib/libg.a(libc_a-stdio.o)
                              /home/mikhail/bin/arm-cortexm3-eabi/lib/gcc/arm-cortexm3-eabi/13.2.0/../../../../arm-cortexm3-eabi/lib/libg.a(libc_a-findfp.o) (__sread)
/home/mikhail/bin/arm-cortexm3-eabi/lib/gcc/arm-cortexm3-eabi/13.2.0/../../../../arm-cortexm3-eabi/lib/libg.a(libc_a-memset.o)
                              /home/mikhail/bin/arm-cortexm3-eabi/lib/gcc/arm-cortexm3-eabi/13.2.0/../../../../arm-cortexm3-eabi/lib/crt0.o (memset)
/home/mikhail/bin/arm-cortexm3-eabi/lib/gcc/arm-cortexm3-eabi/13.2.0/../../../../arm-cortexm3-eabi/lib/libg.a(libc_a-closer.o)
                              /home/mikhail/bin/arm-cortexm3-eabi/lib/gcc/arm-cortexm3-eabi/13.2.0/../../../../arm-cortexm3-eabi/lib/libg.a(libc_a-stdio.o) (_close_r)
/home/mikhail/bin/arm-cortexm3-eabi/lib/gcc/arm-cortexm3-eabi/13.2.0/../../../../arm-cortexm3-eabi/lib/libg.a(libc_a-reent.o)
                              /home/mikhail/bin/arm-cortexm3-eabi/lib/gcc/arm-cortexm3-eabi/13.2.0/../../../../arm-cortexm3-eabi/lib/libg.a(libc_a-closer.o) (errno)
/home/mikhail/bin/arm-cortexm3-eabi/lib/gcc/arm-cortexm3-eabi/13.2.0/../../../../arm-cortexm3-eabi/lib/libg.a(libc_a-impure.o)
                              /home/mikhail/bin/arm-cortexm3-eabi/lib/gcc/arm-cortexm3-eabi/13.2.0/../../../../arm-cortexm3-eabi/lib/libg.a(libc_a-reent.o) (_impure_ptr)
/home/mikhail/bin/arm-cortexm3-eabi/lib/gcc/arm-cortexm3-eabi/13.2.0/../../../../arm-cortexm3-eabi/lib/libg.a(libc_a-lseekr.o)
                              /home/mikhail/bin/arm-cortexm3-eabi/lib/gcc/arm-cortexm3-eabi/13.2.0/../../../../arm-cortexm3-eabi/lib/libg.a(libc_a-stdio.o) (_lseek_r)
/home/mikhail/bin/arm-cortexm3-eabi/lib/gcc/arm-cortexm3-eabi/13.2.0/../../../../arm-cortexm3-eabi/lib/libg.a(libc_a-readr.o)
                              /home/mikhail/bin/arm-cortexm3-eabi/lib/gcc/arm-cortexm3-eabi/13.2.0/../../../../arm-cortexm3-eabi/lib/libg.a(libc_a-stdio.o) (_read_r)
/home/mikhail/bin/arm-cortexm3-eabi/lib/gcc/arm-cortexm3-eabi/13.2.0/../../../../arm-cortexm3-eabi/lib/libg.a(libc_a-writer.o)
                              /home/mikhail/bin/arm-cortexm3-eabi/lib/gcc/arm-cortexm3-eabi/13.2.0/../../../../arm-cortexm3-eabi/lib/libg.a(libc_a-stdio.o) (_write_r)
/home/mikhail/bin/arm-cortexm3-eabi/lib/gcc/arm-cortexm3-eabi/13.2.0/../../../../arm-cortexm3-eabi/lib/libg.a(libc_a-init.o)
                              /home/mikhail/bin/arm-cortexm3-eabi/lib/gcc/arm-cortexm3-eabi/13.2.0/../../../../arm-cortexm3-eabi/lib/crt0.o (__libc_init_array)
/home/mikhail/bin/arm-cortexm3-eabi/lib/gcc/arm-cortexm3-eabi/13.2.0/../../../../arm-cortexm3-eabi/lib/libg.a(libc_a-fini.o)
                              /home/mikhail/bin/arm-cortexm3-eabi/lib/gcc/arm-cortexm3-eabi/13.2.0/../../../../arm-cortexm3-eabi/lib/crt0.o (__libc_fini_array)
/home/mikhail/bin/arm-cortexm3-eabi/lib/gcc/arm-cortexm3-eabi/13.2.0/../../../../arm-cortexm3-eabi/lib/libg.a(libc_a-syscalls.o)
                              /home/mikhail/bin/arm-cortexm3-eabi/lib/gcc/arm-cortexm3-eabi/13.2.0/../../../../arm-cortexm3-eabi/lib/crt0.o (initialise_monitor_handles)
/home/mikhail/bin/arm-cortexm3-eabi/lib/gcc/arm-cortexm3-eabi/13.2.0/../../../../arm-cortexm3-eabi/lib/libg.a(libc_a-strlen.o)
                              /home/mikhail/bin/arm-cortexm3-eabi/lib/gcc/arm-cortexm3-eabi/13.2.0/../../../../arm-cortexm3-eabi/lib/libg.a(libc_a-syscalls.o) (strlen)
/home/mikhail/bin/arm-cortexm3-eabi/lib/gcc/arm-cortexm3-eabi/13.2.0/../../../../arm-cortexm3-eabi/lib/libg.a(libc_a-__atexit.o)
                              /home/mikhail/bin/arm-cortexm3-eabi/lib/gcc/arm-cortexm3-eabi/13.2.0/../../../../arm-cortexm3-eabi/lib/libg.a(libc_a-atexit.o) (__register_exitproc)
/home/mikhail/bin/arm-cortexm3-eabi/lib/gcc/arm-cortexm3-eabi/13.2.0/../../../../arm-cortexm3-eabi/lib/libg.a(libc_a-__call_atexit.o)
                              /home/mikhail/bin/arm-cortexm3-eabi/lib/gcc/arm-cortexm3-eabi/13.2.0/../../../../arm-cortexm3-eabi/lib/libg.a(libc_a-exit.o) (__call_exitprocs)
/home/mikhail/bin/arm-cortexm3-eabi/lib/gcc/arm-cortexm3-eabi/13.2.0/../../../../arm-cortexm3-eabi/lib/libg.a(libc_a-freer.o)
                              /home/mikhail/bin/arm-cortexm3-eabi/lib/gcc/arm-cortexm3-eabi/13.2.0/../../../../arm-cortexm3-eabi/lib/libg.a(libc_a-reent.o) (_free_r)
/home/mikhail/bin/arm-cortexm3-eabi/lib/gcc/arm-cortexm3-eabi/13.2.0/../../../../arm-cortexm3-eabi/lib/libg.a(libc_a-mallocr.o)
                              /home/mikhail/bin/arm-cortexm3-eabi/lib/gcc/arm-cortexm3-eabi/13.2.0/../../../../arm-cortexm3-eabi/lib/libg.a(libc_a-findfp.o) (_malloc_r)
/home/mikhail/bin/arm-cortexm3-eabi/lib/gcc/arm-cortexm3-eabi/13.2.0/../../../../arm-cortexm3-eabi/lib/libg.a(libc_a-mlock.o)
                              /home/mikhail/bin/arm-cortexm3-eabi/lib/gcc/arm-cortexm3-eabi/13.2.0/../../../../arm-cortexm3-eabi/lib/libg.a(libc_a-freer.o) (__malloc_lock)
/home/mikhail/bin/arm-cortexm3-eabi/lib/gcc/arm-cortexm3-eabi/13.2.0/../../../../arm-cortexm3-eabi/lib/libg.a(libc_a-fclose.o)
                              /home/mikhail/bin/arm-cortexm3-eabi/lib/gcc/arm-cortexm3-eabi/13.2.0/../../../../arm-cortexm3-eabi/lib/libg.a(libc_a-findfp.o) (_fclose_r)
/home/mikhail/bin/arm-cortexm3-eabi/lib/gcc/arm-cortexm3-eabi/13.2.0/../../../../arm-cortexm3-eabi/lib/libg.a(libc_a-fflush.o)
                              /home/mikhail/bin/arm-cortexm3-eabi/lib/gcc/arm-cortexm3-eabi/13.2.0/../../../../arm-cortexm3-eabi/lib/libg.a(libc_a-fclose.o) (__sflush_r)
/home/mikhail/bin/arm-cortexm3-eabi/lib/gcc/arm-cortexm3-eabi/13.2.0/../../../../arm-cortexm3-eabi/lib/libg.a(libc_a-sbrkr.o)
                              /home/mikhail/bin/arm-cortexm3-eabi/lib/gcc/arm-cortexm3-eabi/13.2.0/../../../../arm-cortexm3-eabi/lib/libg.a(libc_a-freer.o) (_sbrk_r)
/home/mikhail/bin/arm-cortexm3-eabi/lib/gcc/arm-cortexm3-eabi/13.2.0/../../../../arm-cortexm3-eabi/lib/libg.a(libc_a-errno.o)
                              /home/mikhail/bin/arm-cortexm3-eabi/lib/gcc/arm-cortexm3-eabi/13.2.0/../../../../arm-cortexm3-eabi/lib/libg.a(libc_a-syscalls.o) (__errno)
/home/mikhail/bin/arm-cortexm3-eabi/lib/gcc/arm-cortexm3-eabi/13.2.0/../../../../arm-cortexm3-eabi/lib/libg.a(libc_a-sysconf.o)
                              /home/mikhail/bin/arm-cortexm3-eabi/lib/gcc/arm-cortexm3-eabi/13.2.0/../../../../arm-cortexm3-eabi/lib/libg.a(libc_a-freer.o) (sysconf)

Discarded input sections

 .text          0x00000000        0x0 /home/mikhail/bin/arm-cortexm3-eabi/lib/gcc/arm-cortexm3-eabi/13.2.0/crti.o
 .data          0x00000000        0x0 /home/mikhail/bin/arm-cortexm3-eabi/lib/gcc/arm-cortexm3-eabi/13.2.0/crti.o
 .bss           0x00000000        0x0 /home/mikhail/bin/arm-cortexm3-eabi/lib/gcc/arm-cortexm3-eabi/13.2.0/crti.o
 .text          0x00000000       0x88 /home/mikhail/bin/arm-cortexm3-eabi/lib/gcc/arm-cortexm3-eabi/13.2.0/crtbegin.o
 .data          0x00000000        0x4 /home/mikhail/bin/arm-cortexm3-eabi/lib/gcc/arm-cortexm3-eabi/13.2.0/crtbegin.o
 .bss           0x00000000       0x1c /home/mikhail/bin/arm-cortexm3-eabi/lib/gcc/arm-cortexm3-eabi/13.2.0/crtbegin.o
 .rodata        0x00000000       0x24 /home/mikhail/bin/arm-cortexm3-eabi/lib/gcc/arm-cortexm3-eabi/13.2.0/crtbegin.o
 .init_array    0x00000000        0x4 /home/mikhail/bin/arm-cortexm3-eabi/lib/gcc/arm-cortexm3-eabi/13.2.0/crtbegin.o
 .fini_array    0x00000000        0x4 /home/mikhail/bin/arm-cortexm3-eabi/lib/gcc/arm-cortexm3-eabi/13.2.0/crtbegin.o
 .eh_frame      0x00000000        0x0 /home/mikhail/bin/arm-cortexm3-eabi/lib/gcc/arm-cortexm3-eabi/13.2.0/crtbegin.o
 .tm_clone_table
                0x00000000        0x0 /home/mikhail/bin/arm-cortexm3-eabi/lib/gcc/arm-cortexm3-eabi/13.2.0/crtbegin.o
 .comment       0x00000000       0x38 /home/mikhail/bin/arm-cortexm3-eabi/lib/gcc/arm-cortexm3-eabi/13.2.0/crtbegin.o
 .ARM.attributes
                0x00000000       0x2d /home/mikhail/bin/arm-cortexm3-eabi/lib/gcc/arm-cortexm3-eabi/13.2.0/crtbegin.o
 .text          0x00000000       0xf0 /home/mikhail/bin/arm-cortexm3-eabi/lib/gcc/arm-cortexm3-eabi/13.2.0/../../../../arm-cortexm3-eabi/lib/crt0.o
 .data          0x00000000      0x118 /home/mikhail/bin/arm-cortexm3-eabi/lib/gcc/arm-cortexm3-eabi/13.2.0/../../../../arm-cortexm3-eabi/lib/crt0.o
 .bss           0x00000000        0x0 /home/mikhail/bin/arm-cortexm3-eabi/lib/gcc/arm-cortexm3-eabi/13.2.0/../../../../arm-cortexm3-eabi/lib/crt0.o
 .ARM.extab     0x00000000        0x0 /home/mikhail/bin/arm-cortexm3-eabi/lib/gcc/arm-cortexm3-eabi/13.2.0/../../../../arm-cortexm3-eabi/lib/crt0.o
 .ARM.exidx     0x00000000       0x10 /home/mikhail/bin/arm-cortexm3-eabi/lib/gcc/arm-cortexm3-eabi/13.2.0/../../../../arm-cortexm3-eabi/lib/crt0.o
 .debug_line    0x00000000       0xbe /home/mikhail/bin/arm-cortexm3-eabi/lib/gcc/arm-cortexm3-eabi/13.2.0/../../../../arm-cortexm3-eabi/lib/crt0.o
 .debug_line_str
                0x00000000       0xb0 /home/mikhail/bin/arm-cortexm3-eabi/lib/gcc/arm-cortexm3-eabi/13.2.0/../../../../arm-cortexm3-eabi/lib/crt0.o
 .debug_info    0x00000000       0x25 /home/mikhail/bin/arm-cortexm3-eabi/lib/gcc/arm-cortexm3-eabi/13.2.0/../../../../arm-cortexm3-eabi/lib/crt0.o
 .debug_abbrev  0x00000000       0x14 /home/mikhail/bin/arm-cortexm3-eabi/lib/gcc/arm-cortexm3-eabi/13.2.0/../../../../arm-cortexm3-eabi/lib/crt0.o
 .debug_aranges
                0x00000000       0x20 /home/mikhail/bin/arm-cortexm3-eabi/lib/gcc/arm-cortexm3-eabi/13.2.0/../../../../arm-cortexm3-eabi/lib/crt0.o
 .debug_str     0x00000000       0xbc /home/mikhail/bin/arm-cortexm3-eabi/lib/gcc/arm-cortexm3-eabi/13.2.0/../../../../arm-cortexm3-eabi/lib/crt0.o
 .ARM.attributes
                0x00000000       0x1b /home/mikhail/bin/arm-cortexm3-eabi/lib/gcc/arm-cortexm3-eabi/13.2.0/../../../../arm-cortexm3-eabi/lib/crt0.o
 .text          0x00000000       0x14 /tmp/ccY6fqQX.o
 .data          0x00000000        0x0 /tmp/ccY6fqQX.o
 .bss           0x00000000        0x0 /tmp/ccY6fqQX.o
 .text          0x00000000        0x0 /tmp/ccKn4XHJ.o
 .data          0x00000000        0x0 /tmp/ccKn4XHJ.o
 .bss           0x00000000        0x0 /tmp/ccKn4XHJ.o
 .text.SystemCoreClockUpdate
                0x00000000       0x7c /tmp/ccKn4XHJ.o
 .rodata.AHBPrescTable
                0x00000000       0x10 /tmp/ccKn4XHJ.o
 .rodata.PLLMulTable
                0x00000000        0x9 /tmp/ccKn4XHJ.o
 .data.SystemCoreClock
                0x00000000        0x4 /tmp/ccKn4XHJ.o
 .text          0x00000000        0x0 /tmp/ccf0iEMq.o
 .data          0x00000000        0x0 /tmp/ccf0iEMq.o
 .bss           0x00000000        0x0 /tmp/ccf0iEMq.o
 .text          0x00000000        0x0 /tmp/ccVVH8Pn.o
 .data          0x00000000        0x0 /tmp/ccVVH8Pn.o
 .bss           0x00000000        0x0 /tmp/ccVVH8Pn.o
 .text.Delay    0x00000000       0x12 /tmp/ccVVH8Pn.o
 .data          0x00000000        0x0 libraries/lib-mcu/libstm32l1.a(stm32l1xx_gpio.o)
 .bss           0x00000000        0x0 libraries/lib-mcu/libstm32l1.a(stm32l1xx_gpio.o)
 .data          0x00000000        0x0 libraries/lib-mcu/libstm32l1.a(stm32l1xx_rcc.o)
 .bss           0x00000000        0x0 libraries/lib-mcu/libstm32l1.a(stm32l1xx_rcc.o)
 .text          0x00000000        0xc /home/mikhail/bin/arm-cortexm3-eabi/lib/gcc/arm-cortexm3-eabi/13.2.0/../../../../arm-cortexm3-eabi/lib/libg.a(libc_a-atexit.o)
 .data          0x00000000        0x0 /home/mikhail/bin/arm-cortexm3-eabi/lib/gcc/arm-cortexm3-eabi/13.2.0/../../../../arm-cortexm3-eabi/lib/libg.a(libc_a-atexit.o)
 .bss           0x00000000        0x0 /home/mikhail/bin/arm-cortexm3-eabi/lib/gcc/arm-cortexm3-eabi/13.2.0/../../../../arm-cortexm3-eabi/lib/libg.a(libc_a-atexit.o)
 .debug_info    0x00000000      0x11e /home/mikhail/bin/arm-cortexm3-eabi/lib/gcc/arm-cortexm3-eabi/13.2.0/../../../../arm-cortexm3-eabi/lib/libg.a(libc_a-atexit.o)
 .debug_abbrev  0x00000000       0xc1 /home/mikhail/bin/arm-cortexm3-eabi/lib/gcc/arm-cortexm3-eabi/13.2.0/../../../../arm-cortexm3-eabi/lib/libg.a(libc_a-atexit.o)
 .debug_loclists
                0x00000000       0x2b /home/mikhail/bin/arm-cortexm3-eabi/lib/gcc/arm-cortexm3-eabi/13.2.0/../../../../arm-cortexm3-eabi/lib/libg.a(libc_a-atexit.o)
 .debug_aranges
                0x00000000       0x20 /home/mikhail/bin/arm-cortexm3-eabi/lib/gcc/arm-cortexm3-eabi/13.2.0/../../../../arm-cortexm3-eabi/lib/libg.a(libc_a-atexit.o)
 .debug_line    0x00000000       0xf9 /home/mikhail/bin/arm-cortexm3-eabi/lib/gcc/arm-cortexm3-eabi/13.2.0/../../../../arm-cortexm3-eabi/lib/libg.a(libc_a-atexit.o)
 .debug_str     0x00000000      0x1f1 /home/mikhail/bin/arm-cortexm3-eabi/lib/gcc/arm-cortexm3-eabi/13.2.0/../../../../arm-cortexm3-eabi/lib/libg.a(libc_a-atexit.o)
 .comment       0x00000000       0x38 /home/mikhail/bin/arm-cortexm3-eabi/lib/gcc/arm-cortexm3-eabi/13.2.0/../../../../arm-cortexm3-eabi/lib/libg.a(libc_a-atexit.o)
 .debug_frame   0x00000000       0x20 /home/mikhail/bin/arm-cortexm3-eabi/lib/gcc/arm-cortexm3-eabi/13.2.0/../../../../arm-cortexm3-eabi/lib/libg.a(libc_a-atexit.o)
 .ARM.attributes
                0x00000000       0x2d /home/mikhail/bin/arm-cortexm3-eabi/lib/gcc/arm-cortexm3-eabi/13.2.0/../../../../arm-cortexm3-eabi/lib/libg.a(libc_a-atexit.o)
 .text          0x00000000       0x1c /home/mikhail/bin/arm-cortexm3-eabi/lib/gcc/arm-cortexm3-eabi/13.2.0/../../../../arm-cortexm3-eabi/lib/libg.a(libc_a-exit.o)
 .data          0x00000000        0x0 /home/mikhail/bin/arm-cortexm3-eabi/lib/gcc/arm-cortexm3-eabi/13.2.0/../../../../arm-cortexm3-eabi/lib/libg.a(libc_a-exit.o)
 .bss           0x00000000        0x0 /home/mikhail/bin/arm-cortexm3-eabi/lib/gcc/arm-cortexm3-eabi/13.2.0/../../../../arm-cortexm3-eabi/lib/libg.a(libc_a-exit.o)
 .debug_info    0x00000000      0x10a /home/mikhail/bin/arm-cortexm3-eabi/lib/gcc/arm-cortexm3-eabi/13.2.0/../../../../arm-cortexm3-eabi/lib/libg.a(libc_a-exit.o)
 .debug_abbrev  0x00000000       0xd5 /home/mikhail/bin/arm-cortexm3-eabi/lib/gcc/arm-cortexm3-eabi/13.2.0/../../../../arm-cortexm3-eabi/lib/libg.a(libc_a-exit.o)
 .debug_loclists
                0x00000000       0x1b /home/mikhail/bin/arm-cortexm3-eabi/lib/gcc/arm-cortexm3-eabi/13.2.0/../../../../arm-cortexm3-eabi/lib/libg.a(libc_a-exit.o)
 .debug_aranges
                0x00000000       0x20 /home/mikhail/bin/arm-cortexm3-eabi/lib/gcc/arm-cortexm3-eabi/13.2.0/../../../../arm-cortexm3-eabi/lib/libg.a(libc_a-exit.o)
 .debug_line    0x00000000      0x17c /home/mikhail/bin/arm-cortexm3-eabi/lib/gcc/arm-cortexm3-eabi/13.2.0/../../../../arm-cortexm3-eabi/lib/libg.a(libc_a-exit.o)
 .debug_str     0x00000000      0x1da /home/mikhail/bin/arm-cortexm3-eabi/lib/gcc/arm-cortexm3-eabi/13.2.0/../../../../arm-cortexm3-eabi/lib/libg.a(libc_a-exit.o)
 .comment       0x00000000       0x38 /home/mikhail/bin/arm-cortexm3-eabi/lib/gcc/arm-cortexm3-eabi/13.2.0/../../../../arm-cortexm3-eabi/lib/libg.a(libc_a-exit.o)
 .debug_frame   0x00000000       0x28 /home/mikhail/bin/arm-cortexm3-eabi/lib/gcc/arm-cortexm3-eabi/13.2.0/../../../../arm-cortexm3-eabi/lib/libg.a(libc_a-exit.o)
 .ARM.attributes
                0x00000000       0x2d /home/mikhail/bin/arm-cortexm3-eabi/lib/gcc/arm-cortexm3-eabi/13.2.0/../../../../arm-cortexm3-eabi/lib/libg.a(libc_a-exit.o)
 .text          0x00000000      0x1b8 /home/mikhail/bin/arm-cortexm3-eabi/lib/gcc/arm-cortexm3-eabi/13.2.0/../../../../arm-cortexm3-eabi/lib/libg.a(libc_a-findfp.o)
 .data          0x00000000        0xc /home/mikhail/bin/arm-cortexm3-eabi/lib/gcc/arm-cortexm3-eabi/13.2.0/../../../../arm-cortexm3-eabi/lib/libg.a(libc_a-findfp.o)
 .bss           0x00000000      0x13c /home/mikhail/bin/arm-cortexm3-eabi/lib/gcc/arm-cortexm3-eabi/13.2.0/../../../../arm-cortexm3-eabi/lib/libg.a(libc_a-findfp.o)
 .debug_info    0x00000000      0xe4a /home/mikhail/bin/arm-cortexm3-eabi/lib/gcc/arm-cortexm3-eabi/13.2.0/../../../../arm-cortexm3-eabi/lib/libg.a(libc_a-findfp.o)
 .debug_abbrev  0x00000000      0x459 /home/mikhail/bin/arm-cortexm3-eabi/lib/gcc/arm-cortexm3-eabi/13.2.0/../../../../arm-cortexm3-eabi/lib/libg.a(libc_a-findfp.o)
 .debug_loclists
                0x00000000      0x1a9 /home/mikhail/bin/arm-cortexm3-eabi/lib/gcc/arm-cortexm3-eabi/13.2.0/../../../../arm-cortexm3-eabi/lib/libg.a(libc_a-findfp.o)
 .debug_aranges
                0x00000000       0x20 /home/mikhail/bin/arm-cortexm3-eabi/lib/gcc/arm-cortexm3-eabi/13.2.0/../../../../arm-cortexm3-eabi/lib/libg.a(libc_a-findfp.o)
 .debug_rnglists
                0x00000000       0x3d /home/mikhail/bin/arm-cortexm3-eabi/lib/gcc/arm-cortexm3-eabi/13.2.0/../../../../arm-cortexm3-eabi/lib/libg.a(libc_a-findfp.o)
 .debug_line    0x00000000      0x4d4 /home/mikhail/bin/arm-cortexm3-eabi/lib/gcc/arm-cortexm3-eabi/13.2.0/../../../../arm-cortexm3-eabi/lib/libg.a(libc_a-findfp.o)
 .debug_str     0x00000000      0x6cf /home/mikhail/bin/arm-cortexm3-eabi/lib/gcc/arm-cortexm3-eabi/13.2.0/../../../../arm-cortexm3-eabi/lib/libg.a(libc_a-findfp.o)
 .comment       0x00000000       0x38 /home/mikhail/bin/arm-cortexm3-eabi/lib/gcc/arm-cortexm3-eabi/13.2.0/../../../../arm-cortexm3-eabi/lib/libg.a(libc_a-findfp.o)
 .debug_frame   0x00000000      0x104 /home/mikhail/bin/arm-cortexm3-eabi/lib/gcc/arm-cortexm3-eabi/13.2.0/../../../../arm-cortexm3-eabi/lib/libg.a(libc_a-findfp.o)
 .ARM.attributes
                0x00000000       0x2d /home/mikhail/bin/arm-cortexm3-eabi/lib/gcc/arm-cortexm3-eabi/13.2.0/../../../../arm-cortexm3-eabi/lib/libg.a(libc_a-findfp.o)
 .text          0x00000000       0x3c /home/mikhail/bin/arm-cortexm3-eabi/lib/gcc/arm-cortexm3-eabi/13.2.0/../../../../arm-cortexm3-eabi/lib/libg.a(libc_a-fwalk.o)
 .data          0x00000000        0x0 /home/mikhail/bin/arm-cortexm3-eabi/lib/gcc/arm-cortexm3-eabi/13.2.0/../../../../arm-cortexm3-eabi/lib/libg.a(libc_a-fwalk.o)
 .bss           0x00000000        0x0 /home/mikhail/bin/arm-cortexm3-eabi/lib/gcc/arm-cortexm3-eabi/13.2.0/../../../../arm-cortexm3-eabi/lib/libg.a(libc_a-fwalk.o)
 .debug_info    0x00000000      0x7e4 /home/mikhail/bin/arm-cortexm3-eabi/lib/gcc/arm-cortexm3-eabi/13.2.0/../../../../arm-cortexm3-eabi/lib/libg.a(libc_a-fwalk.o)
 .debug_abbrev  0x00000000      0x1d9 /home/mikhail/bin/arm-cortexm3-eabi/lib/gcc/arm-cortexm3-eabi/13.2.0/../../../../arm-cortexm3-eabi/lib/libg.a(libc_a-fwalk.o)
 .debug_loclists
                0x00000000       0x69 /home/mikhail/bin/arm-cortexm3-eabi/lib/gcc/arm-cortexm3-eabi/13.2.0/../../../../arm-cortexm3-eabi/lib/libg.a(libc_a-fwalk.o)
 .debug_aranges
                0x00000000       0x20 /home/mikhail/bin/arm-cortexm3-eabi/lib/gcc/arm-cortexm3-eabi/13.2.0/../../../../arm-cortexm3-eabi/lib/libg.a(libc_a-fwalk.o)
 .debug_line    0x00000000      0x22b /home/mikhail/bin/arm-cortexm3-eabi/lib/gcc/arm-cortexm3-eabi/13.2.0/../../../../arm-cortexm3-eabi/lib/libg.a(libc_a-fwalk.o)
 .debug_str     0x00000000      0x4d7 /home/mikhail/bin/arm-cortexm3-eabi/lib/gcc/arm-cortexm3-eabi/13.2.0/../../../../arm-cortexm3-eabi/lib/libg.a(libc_a-fwalk.o)
 .comment       0x00000000       0x38 /home/mikhail/bin/arm-cortexm3-eabi/lib/gcc/arm-cortexm3-eabi/13.2.0/../../../../arm-cortexm3-eabi/lib/libg.a(libc_a-fwalk.o)
 .debug_frame   0x00000000       0x34 /home/mikhail/bin/arm-cortexm3-eabi/lib/gcc/arm-cortexm3-eabi/13.2.0/../../../../arm-cortexm3-eabi/lib/libg.a(libc_a-fwalk.o)
 .ARM.attributes
                0x00000000       0x2d /home/mikhail/bin/arm-cortexm3-eabi/lib/gcc/arm-cortexm3-eabi/13.2.0/../../../../arm-cortexm3-eabi/lib/libg.a(libc_a-fwalk.o)
 .text          0x00000000       0x8a /home/mikhail/bin/arm-cortexm3-eabi/lib/gcc/arm-cortexm3-eabi/13.2.0/../../../../arm-cortexm3-eabi/lib/libg.a(libc_a-stdio.o)
 .data          0x00000000        0x0 /home/mikhail/bin/arm-cortexm3-eabi/lib/gcc/arm-cortexm3-eabi/13.2.0/../../../../arm-cortexm3-eabi/lib/libg.a(libc_a-stdio.o)
 .bss           0x00000000        0x0 /home/mikhail/bin/arm-cortexm3-eabi/lib/gcc/arm-cortexm3-eabi/13.2.0/../../../../arm-cortexm3-eabi/lib/libg.a(libc_a-stdio.o)
 .debug_info    0x00000000      0xaa4 /home/mikhail/bin/arm-cortexm3-eabi/lib/gcc/arm-cortexm3-eabi/13.2.0/../../../../arm-cortexm3-eabi/lib/libg.a(libc_a-stdio.o)
 .debug_abbrev  0x00000000      0x25d /home/mikhail/bin/arm-cortexm3-eabi/lib/gcc/arm-cortexm3-eabi/13.2.0/../../../../arm-cortexm3-eabi/lib/libg.a(libc_a-stdio.o)
 .debug_loclists
                0x00000000      0x20a /home/mikhail/bin/arm-cortexm3-eabi/lib/gcc/arm-cortexm3-eabi/13.2.0/../../../../arm-cortexm3-eabi/lib/libg.a(libc_a-stdio.o)
 .debug_aranges
                0x00000000       0x20 /home/mikhail/bin/arm-cortexm3-eabi/lib/gcc/arm-cortexm3-eabi/13.2.0/../../../../arm-cortexm3-eabi/lib/libg.a(libc_a-stdio.o)
 .debug_line    0x00000000      0x2bd /home/mikhail/bin/arm-cortexm3-eabi/lib/gcc/arm-cortexm3-eabi/13.2.0/../../../../arm-cortexm3-eabi/lib/libg.a(libc_a-stdio.o)
 .debug_str     0x00000000      0x534 /home/mikhail/bin/arm-cortexm3-eabi/lib/gcc/arm-cortexm3-eabi/13.2.0/../../../../arm-cortexm3-eabi/lib/libg.a(libc_a-stdio.o)
 .comment       0x00000000       0x38 /home/mikhail/bin/arm-cortexm3-eabi/lib/gcc/arm-cortexm3-eabi/13.2.0/../../../../arm-cortexm3-eabi/lib/libg.a(libc_a-stdio.o)
 .debug_frame   0x00000000       0x88 /home/mikhail/bin/arm-cortexm3-eabi/lib/gcc/arm-cortexm3-eabi/13.2.0/../../../../arm-cortexm3-eabi/lib/libg.a(libc_a-stdio.o)
 .ARM.attributes
                0x00000000       0x2d /home/mikhail/bin/arm-cortexm3-eabi/lib/gcc/arm-cortexm3-eabi/13.2.0/../../../../arm-cortexm3-eabi/lib/libg.a(libc_a-stdio.o)
 .text          0x00000000       0x10 /home/mikhail/bin/arm-cortexm3-eabi/lib/gcc/arm-cortexm3-eabi/13.2.0/../../../../arm-cortexm3-eabi/lib/libg.a(libc_a-memset.o)
 .data          0x00000000        0x0 /home/mikhail/bin/arm-cortexm3-eabi/lib/gcc/arm-cortexm3-eabi/13.2.0/../../../../arm-cortexm3-eabi/lib/libg.a(libc_a-memset.o)
 .bss           0x00000000        0x0 /home/mikhail/bin/arm-cortexm3-eabi/lib/gcc/arm-cortexm3-eabi/13.2.0/../../../../arm-cortexm3-eabi/lib/libg.a(libc_a-memset.o)
 .debug_info    0x00000000       0xe0 /home/mikhail/bin/arm-cortexm3-eabi/lib/gcc/arm-cortexm3-eabi/13.2.0/../../../../arm-cortexm3-eabi/lib/libg.a(libc_a-memset.o)
 .debug_abbrev  0x00000000       0x9e /home/mikhail/bin/arm-cortexm3-eabi/lib/gcc/arm-cortexm3-eabi/13.2.0/../../../../arm-cortexm3-eabi/lib/libg.a(libc_a-memset.o)
 .debug_loclists
                0x00000000       0x33 /home/mikhail/bin/arm-cortexm3-eabi/lib/gcc/arm-cortexm3-eabi/13.2.0/../../../../arm-cortexm3-eabi/lib/libg.a(libc_a-memset.o)
 .debug_aranges
                0x00000000       0x20 /home/mikhail/bin/arm-cortexm3-eabi/lib/gcc/arm-cortexm3-eabi/13.2.0/../../../../arm-cortexm3-eabi/lib/libg.a(libc_a-memset.o)
 .debug_line    0x00000000      0x172 /home/mikhail/bin/arm-cortexm3-eabi/lib/gcc/arm-cortexm3-eabi/13.2.0/../../../../arm-cortexm3-eabi/lib/libg.a(libc_a-memset.o)
 .debug_str     0x00000000      0x1b4 /home/mikhail/bin/arm-cortexm3-eabi/lib/gcc/arm-cortexm3-eabi/13.2.0/../../../../arm-cortexm3-eabi/lib/libg.a(libc_a-memset.o)
 .comment       0x00000000       0x38 /home/mikhail/bin/arm-cortexm3-eabi/lib/gcc/arm-cortexm3-eabi/13.2.0/../../../../arm-cortexm3-eabi/lib/libg.a(libc_a-memset.o)
 .debug_frame   0x00000000       0x20 /home/mikhail/bin/arm-cortexm3-eabi/lib/gcc/arm-cortexm3-eabi/13.2.0/../../../../arm-cortexm3-eabi/lib/libg.a(libc_a-memset.o)
 .ARM.attributes
                0x00000000       0x2d /home/mikhail/bin/arm-cortexm3-eabi/lib/gcc/arm-cortexm3-eabi/13.2.0/../../../../arm-cortexm3-eabi/lib/libg.a(libc_a-memset.o)
 .text          0x00000000       0x20 /home/mikhail/bin/arm-cortexm3-eabi/lib/gcc/arm-cortexm3-eabi/13.2.0/../../../../arm-cortexm3-eabi/lib/libg.a(libc_a-closer.o)
 .data          0x00000000        0x0 /home/mikhail/bin/arm-cortexm3-eabi/lib/gcc/arm-cortexm3-eabi/13.2.0/../../../../arm-cortexm3-eabi/lib/libg.a(libc_a-closer.o)
 .bss           0x00000000        0x0 /home/mikhail/bin/arm-cortexm3-eabi/lib/gcc/arm-cortexm3-eabi/13.2.0/../../../../arm-cortexm3-eabi/lib/libg.a(libc_a-closer.o)
 .debug_info    0x00000000      0x770 /home/mikhail/bin/arm-cortexm3-eabi/lib/gcc/arm-cortexm3-eabi/13.2.0/../../../../arm-cortexm3-eabi/lib/libg.a(libc_a-closer.o)
 .debug_abbrev  0x00000000      0x1ec /home/mikhail/bin/arm-cortexm3-eabi/lib/gcc/arm-cortexm3-eabi/13.2.0/../../../../arm-cortexm3-eabi/lib/libg.a(libc_a-closer.o)
 .debug_loclists
                0x00000000       0x4b /home/mikhail/bin/arm-cortexm3-eabi/lib/gcc/arm-cortexm3-eabi/13.2.0/../../../../arm-cortexm3-eabi/lib/libg.a(libc_a-closer.o)
 .debug_aranges
                0x00000000       0x20 /home/mikhail/bin/arm-cortexm3-eabi/lib/gcc/arm-cortexm3-eabi/13.2.0/../../../../arm-cortexm3-eabi/lib/libg.a(libc_a-closer.o)
 .debug_line    0x00000000      0x20d /home/mikhail/bin/arm-cortexm3-eabi/lib/gcc/arm-cortexm3-eabi/13.2.0/../../../../arm-cortexm3-eabi/lib/libg.a(libc_a-closer.o)
 .debug_str     0x00000000      0x4bd /home/mikhail/bin/arm-cortexm3-eabi/lib/gcc/arm-cortexm3-eabi/13.2.0/../../../../arm-cortexm3-eabi/lib/libg.a(libc_a-closer.o)
 .comment       0x00000000       0x38 /home/mikhail/bin/arm-cortexm3-eabi/lib/gcc/arm-cortexm3-eabi/13.2.0/../../../../arm-cortexm3-eabi/lib/libg.a(libc_a-closer.o)
 .debug_frame   0x00000000       0x2c /home/mikhail/bin/arm-cortexm3-eabi/lib/gcc/arm-cortexm3-eabi/13.2.0/../../../../arm-cortexm3-eabi/lib/libg.a(libc_a-closer.o)
 .ARM.attributes
                0x00000000       0x2d /home/mikhail/bin/arm-cortexm3-eabi/lib/gcc/arm-cortexm3-eabi/13.2.0/../../../../arm-cortexm3-eabi/lib/libg.a(libc_a-closer.o)
 .text          0x00000000       0x58 /home/mikhail/bin/arm-cortexm3-eabi/lib/gcc/arm-cortexm3-eabi/13.2.0/../../../../arm-cortexm3-eabi/lib/libg.a(libc_a-reent.o)
 .data          0x00000000        0x0 /home/mikhail/bin/arm-cortexm3-eabi/lib/gcc/arm-cortexm3-eabi/13.2.0/../../../../arm-cortexm3-eabi/lib/libg.a(libc_a-reent.o)
 .bss           0x00000000        0x4 /home/mikhail/bin/arm-cortexm3-eabi/lib/gcc/arm-cortexm3-eabi/13.2.0/../../../../arm-cortexm3-eabi/lib/libg.a(libc_a-reent.o)
 .debug_info    0x00000000      0x7e3 /home/mikhail/bin/arm-cortexm3-eabi/lib/gcc/arm-cortexm3-eabi/13.2.0/../../../../arm-cortexm3-eabi/lib/libg.a(libc_a-reent.o)
 .debug_abbrev  0x00000000      0x229 /home/mikhail/bin/arm-cortexm3-eabi/lib/gcc/arm-cortexm3-eabi/13.2.0/../../../../arm-cortexm3-eabi/lib/libg.a(libc_a-reent.o)
 .debug_loclists
                0x00000000       0x67 /home/mikhail/bin/arm-cortexm3-eabi/lib/gcc/arm-cortexm3-eabi/13.2.0/../../../../arm-cortexm3-eabi/lib/libg.a(libc_a-reent.o)
 .debug_aranges
                0x00000000       0x20 /home/mikhail/bin/arm-cortexm3-eabi/lib/gcc/arm-cortexm3-eabi/13.2.0/../../../../arm-cortexm3-eabi/lib/libg.a(libc_a-reent.o)
 .debug_rnglists
                0x00000000       0x1a /home/mikhail/bin/arm-cortexm3-eabi/lib/gcc/arm-cortexm3-eabi/13.2.0/../../../../arm-cortexm3-eabi/lib/libg.a(libc_a-reent.o)
 .debug_line    0x00000000      0x253 /home/mikhail/bin/arm-cortexm3-eabi/lib/gcc/arm-cortexm3-eabi/13.2.0/../../../../arm-cortexm3-eabi/lib/libg.a(libc_a-reent.o)
 .debug_str     0x00000000      0x4e6 /home/mikhail/bin/arm-cortexm3-eabi/lib/gcc/arm-cortexm3-eabi/13.2.0/../../../../arm-cortexm3-eabi/lib/libg.a(libc_a-reent.o)
 .comment       0x00000000       0x38 /home/mikhail/bin/arm-cortexm3-eabi/lib/gcc/arm-cortexm3-eabi/13.2.0/../../../../arm-cortexm3-eabi/lib/libg.a(libc_a-reent.o)
 .debug_frame   0x00000000       0x38 /home/mikhail/bin/arm-cortexm3-eabi/lib/gcc/arm-cortexm3-eabi/13.2.0/../../../../arm-cortexm3-eabi/lib/libg.a(libc_a-reent.o)
 .ARM.attributes
                0x00000000       0x2d /home/mikhail/bin/arm-cortexm3-eabi/lib/gcc/arm-cortexm3-eabi/13.2.0/../../../../arm-cortexm3-eabi/lib/libg.a(libc_a-reent.o)
 .text          0x00000000        0x0 /home/mikhail/bin/arm-cortexm3-eabi/lib/gcc/arm-cortexm3-eabi/13.2.0/../../../../arm-cortexm3-eabi/lib/libg.a(libc_a-impure.o)
 .data          0x00000000      0x128 /home/mikhail/bin/arm-cortexm3-eabi/lib/gcc/arm-cortexm3-eabi/13.2.0/../../../../arm-cortexm3-eabi/lib/libg.a(libc_a-impure.o)
 .bss           0x00000000        0x0 /home/mikhail/bin/arm-cortexm3-eabi/lib/gcc/arm-cortexm3-eabi/13.2.0/../../../../arm-cortexm3-eabi/lib/libg.a(libc_a-impure.o)
 .debug_info    0x00000000      0x729 /home/mikhail/bin/arm-cortexm3-eabi/lib/gcc/arm-cortexm3-eabi/13.2.0/../../../../arm-cortexm3-eabi/lib/libg.a(libc_a-impure.o)
 .debug_abbrev  0x00000000      0x185 /home/mikhail/bin/arm-cortexm3-eabi/lib/gcc/arm-cortexm3-eabi/13.2.0/../../../../arm-cortexm3-eabi/lib/libg.a(libc_a-impure.o)
 .debug_aranges
                0x00000000       0x18 /home/mikhail/bin/arm-cortexm3-eabi/lib/gcc/arm-cortexm3-eabi/13.2.0/../../../../arm-cortexm3-eabi/lib/libg.a(libc_a-impure.o)
 .debug_line    0x00000000      0x157 /home/mikhail/bin/arm-cortexm3-eabi/lib/gcc/arm-cortexm3-eabi/13.2.0/../../../../arm-cortexm3-eabi/lib/libg.a(libc_a-impure.o)
 .debug_str     0x00000000      0x4cc /home/mikhail/bin/arm-cortexm3-eabi/lib/gcc/arm-cortexm3-eabi/13.2.0/../../../../arm-cortexm3-eabi/lib/libg.a(libc_a-impure.o)
 .comment       0x00000000       0x38 /home/mikhail/bin/arm-cortexm3-eabi/lib/gcc/arm-cortexm3-eabi/13.2.0/../../../../arm-cortexm3-eabi/lib/libg.a(libc_a-impure.o)
 .ARM.attributes
                0x00000000       0x2d /home/mikhail/bin/arm-cortexm3-eabi/lib/gcc/arm-cortexm3-eabi/13.2.0/../../../../arm-cortexm3-eabi/lib/libg.a(libc_a-impure.o)
 .text          0x00000000       0x24 /home/mikhail/bin/arm-cortexm3-eabi/lib/gcc/arm-cortexm3-eabi/13.2.0/../../../../arm-cortexm3-eabi/lib/libg.a(libc_a-lseekr.o)
 .data          0x00000000        0x0 /home/mikhail/bin/arm-cortexm3-eabi/lib/gcc/arm-cortexm3-eabi/13.2.0/../../../../arm-cortexm3-eabi/lib/libg.a(libc_a-lseekr.o)
 .bss           0x00000000        0x0 /home/mikhail/bin/arm-cortexm3-eabi/lib/gcc/arm-cortexm3-eabi/13.2.0/../../../../arm-cortexm3-eabi/lib/libg.a(libc_a-lseekr.o)
 .debug_info    0x00000000      0x7bc /home/mikhail/bin/arm-cortexm3-eabi/lib/gcc/arm-cortexm3-eabi/13.2.0/../../../../arm-cortexm3-eabi/lib/libg.a(libc_a-lseekr.o)
 .debug_abbrev  0x00000000      0x200 /home/mikhail/bin/arm-cortexm3-eabi/lib/gcc/arm-cortexm3-eabi/13.2.0/../../../../arm-cortexm3-eabi/lib/libg.a(libc_a-lseekr.o)
 .debug_loclists
                0x00000000       0x89 /home/mikhail/bin/arm-cortexm3-eabi/lib/gcc/arm-cortexm3-eabi/13.2.0/../../../../arm-cortexm3-eabi/lib/libg.a(libc_a-lseekr.o)
 .debug_aranges
                0x00000000       0x20 /home/mikhail/bin/arm-cortexm3-eabi/lib/gcc/arm-cortexm3-eabi/13.2.0/../../../../arm-cortexm3-eabi/lib/libg.a(libc_a-lseekr.o)
 .debug_line    0x00000000      0x207 /home/mikhail/bin/arm-cortexm3-eabi/lib/gcc/arm-cortexm3-eabi/13.2.0/../../../../arm-cortexm3-eabi/lib/libg.a(libc_a-lseekr.o)
 .debug_str     0x00000000      0x4cb /home/mikhail/bin/arm-cortexm3-eabi/lib/gcc/arm-cortexm3-eabi/13.2.0/../../../../arm-cortexm3-eabi/lib/libg.a(libc_a-lseekr.o)
 .comment       0x00000000       0x38 /home/mikhail/bin/arm-cortexm3-eabi/lib/gcc/arm-cortexm3-eabi/13.2.0/../../../../arm-cortexm3-eabi/lib/libg.a(libc_a-lseekr.o)
 .debug_frame   0x00000000       0x2c /home/mikhail/bin/arm-cortexm3-eabi/lib/gcc/arm-cortexm3-eabi/13.2.0/../../../../arm-cortexm3-eabi/lib/libg.a(libc_a-lseekr.o)
 .ARM.attributes
                0x00000000       0x2d /home/mikhail/bin/arm-cortexm3-eabi/lib/gcc/arm-cortexm3-eabi/13.2.0/../../../../arm-cortexm3-eabi/lib/libg.a(libc_a-lseekr.o)
 .text          0x00000000       0x24 /home/mikhail/bin/arm-cortexm3-eabi/lib/gcc/arm-cortexm3-eabi/13.2.0/../../../../arm-cortexm3-eabi/lib/libg.a(libc_a-readr.o)
 .data          0x00000000        0x0 /home/mikhail/bin/arm-cortexm3-eabi/lib/gcc/arm-cortexm3-eabi/13.2.0/../../../../arm-cortexm3-eabi/lib/libg.a(libc_a-readr.o)
 .bss           0x00000000        0x0 /home/mikhail/bin/arm-cortexm3-eabi/lib/gcc/arm-cortexm3-eabi/13.2.0/../../../../arm-cortexm3-eabi/lib/libg.a(libc_a-readr.o)
 .debug_info    0x00000000      0x7d3 /home/mikhail/bin/arm-cortexm3-eabi/lib/gcc/arm-cortexm3-eabi/13.2.0/../../../../arm-cortexm3-eabi/lib/libg.a(libc_a-readr.o)
 .debug_abbrev  0x00000000      0x1ec /home/mikhail/bin/arm-cortexm3-eabi/lib/gcc/arm-cortexm3-eabi/13.2.0/../../../../arm-cortexm3-eabi/lib/libg.a(libc_a-readr.o)
 .debug_loclists
                0x00000000       0x89 /home/mikhail/bin/arm-cortexm3-eabi/lib/gcc/arm-cortexm3-eabi/13.2.0/../../../../arm-cortexm3-eabi/lib/libg.a(libc_a-readr.o)
 .debug_aranges
                0x00000000       0x20 /home/mikhail/bin/arm-cortexm3-eabi/lib/gcc/arm-cortexm3-eabi/13.2.0/../../../../arm-cortexm3-eabi/lib/libg.a(libc_a-readr.o)
 .debug_line    0x00000000      0x206 /home/mikhail/bin/arm-cortexm3-eabi/lib/gcc/arm-cortexm3-eabi/13.2.0/../../../../arm-cortexm3-eabi/lib/libg.a(libc_a-readr.o)
 .debug_str     0x00000000      0x4cb /home/mikhail/bin/arm-cortexm3-eabi/lib/gcc/arm-cortexm3-eabi/13.2.0/../../../../arm-cortexm3-eabi/lib/libg.a(libc_a-readr.o)
 .comment       0x00000000       0x38 /home/mikhail/bin/arm-cortexm3-eabi/lib/gcc/arm-cortexm3-eabi/13.2.0/../../../../arm-cortexm3-eabi/lib/libg.a(libc_a-readr.o)
 .debug_frame   0x00000000       0x2c /home/mikhail/bin/arm-cortexm3-eabi/lib/gcc/arm-cortexm3-eabi/13.2.0/../../../../arm-cortexm3-eabi/lib/libg.a(libc_a-readr.o)
 .ARM.attributes
                0x00000000       0x2d /home/mikhail/bin/arm-cortexm3-eabi/lib/gcc/arm-cortexm3-eabi/13.2.0/../../../../arm-cortexm3-eabi/lib/libg.a(libc_a-readr.o)
 .text          0x00000000       0x24 /home/mikhail/bin/arm-cortexm3-eabi/lib/gcc/arm-cortexm3-eabi/13.2.0/../../../../arm-cortexm3-eabi/lib/libg.a(libc_a-writer.o)
 .data          0x00000000        0x0 /home/mikhail/bin/arm-cortexm3-eabi/lib/gcc/arm-cortexm3-eabi/13.2.0/../../../../arm-cortexm3-eabi/lib/libg.a(libc_a-writer.o)
 .bss           0x00000000        0x0 /home/mikhail/bin/arm-cortexm3-eabi/lib/gcc/arm-cortexm3-eabi/13.2.0/../../../../arm-cortexm3-eabi/lib/libg.a(libc_a-writer.o)
 .debug_info    0x00000000      0x7d9 /home/mikhail/bin/arm-cortexm3-eabi/lib/gcc/arm-cortexm3-eabi/13.2.0/../../../../arm-cortexm3-eabi/lib/libg.a(libc_a-writer.o)
 .debug_abbrev  0x00000000      0x1f1 /home/mikhail/bin/arm-cortexm3-eabi/lib/gcc/arm-cortexm3-eabi/13.2.0/../../../../arm-cortexm3-eabi/lib/libg.a(libc_a-writer.o)
 .debug_loclists
                0x00000000       0x89 /home/mikhail/bin/arm-cortexm3-eabi/lib/gcc/arm-cortexm3-eabi/13.2.0/../../../../arm-cortexm3-eabi/lib/libg.a(libc_a-writer.o)
 .debug_aranges
                0x00000000       0x20 /home/mikhail/bin/arm-cortexm3-eabi/lib/gcc/arm-cortexm3-eabi/13.2.0/../../../../arm-cortexm3-eabi/lib/libg.a(libc_a-writer.o)
 .debug_line    0x00000000      0x207 /home/mikhail/bin/arm-cortexm3-eabi/lib/gcc/arm-cortexm3-eabi/13.2.0/../../../../arm-cortexm3-eabi/lib/libg.a(libc_a-writer.o)
 .debug_str     0x00000000      0x4cd /home/mikhail/bin/arm-cortexm3-eabi/lib/gcc/arm-cortexm3-eabi/13.2.0/../../../../arm-cortexm3-eabi/lib/libg.a(libc_a-writer.o)
 .comment       0x00000000       0x38 /home/mikhail/bin/arm-cortexm3-eabi/lib/gcc/arm-cortexm3-eabi/13.2.0/../../../../arm-cortexm3-eabi/lib/libg.a(libc_a-writer.o)
 .debug_frame   0x00000000       0x2c /home/mikhail/bin/arm-cortexm3-eabi/lib/gcc/arm-cortexm3-eabi/13.2.0/../../../../arm-cortexm3-eabi/lib/libg.a(libc_a-writer.o)
 .ARM.attributes
                0x00000000       0x2d /home/mikhail/bin/arm-cortexm3-eabi/lib/gcc/arm-cortexm3-eabi/13.2.0/../../../../arm-cortexm3-eabi/lib/libg.a(libc_a-writer.o)
 .data          0x00000000        0x0 /home/mikhail/bin/arm-cortexm3-eabi/lib/gcc/arm-cortexm3-eabi/13.2.0/../../../../arm-cortexm3-eabi/lib/libg.a(libc_a-init.o)
 .bss           0x00000000        0x0 /home/mikhail/bin/arm-cortexm3-eabi/lib/gcc/arm-cortexm3-eabi/13.2.0/../../../../arm-cortexm3-eabi/lib/libg.a(libc_a-init.o)
 .text          0x00000000       0x28 /home/mikhail/bin/arm-cortexm3-eabi/lib/gcc/arm-cortexm3-eabi/13.2.0/../../../../arm-cortexm3-eabi/lib/libg.a(libc_a-fini.o)
 .data          0x00000000        0x0 /home/mikhail/bin/arm-cortexm3-eabi/lib/gcc/arm-cortexm3-eabi/13.2.0/../../../../arm-cortexm3-eabi/lib/libg.a(libc_a-fini.o)
 .bss           0x00000000        0x0 /home/mikhail/bin/arm-cortexm3-eabi/lib/gcc/arm-cortexm3-eabi/13.2.0/../../../../arm-cortexm3-eabi/lib/libg.a(libc_a-fini.o)
 .debug_info    0x00000000       0xf7 /home/mikhail/bin/arm-cortexm3-eabi/lib/gcc/arm-cortexm3-eabi/13.2.0/../../../../arm-cortexm3-eabi/lib/libg.a(libc_a-fini.o)
 .debug_abbrev  0x00000000       0xcc /home/mikhail/bin/arm-cortexm3-eabi/lib/gcc/arm-cortexm3-eabi/13.2.0/../../../../arm-cortexm3-eabi/lib/libg.a(libc_a-fini.o)
 .debug_loclists
                0x00000000       0x33 /home/mikhail/bin/arm-cortexm3-eabi/lib/gcc/arm-cortexm3-eabi/13.2.0/../../../../arm-cortexm3-eabi/lib/libg.a(libc_a-fini.o)
 .debug_aranges
                0x00000000       0x20 /home/mikhail/bin/arm-cortexm3-eabi/lib/gcc/arm-cortexm3-eabi/13.2.0/../../../../arm-cortexm3-eabi/lib/libg.a(libc_a-fini.o)
 .debug_line    0x00000000      0x12e /home/mikhail/bin/arm-cortexm3-eabi/lib/gcc/arm-cortexm3-eabi/13.2.0/../../../../arm-cortexm3-eabi/lib/libg.a(libc_a-fini.o)
 .debug_str     0x00000000      0x1eb /home/mikhail/bin/arm-cortexm3-eabi/lib/gcc/arm-cortexm3-eabi/13.2.0/../../../../arm-cortexm3-eabi/lib/libg.a(libc_a-fini.o)
 .comment       0x00000000       0x38 /home/mikhail/bin/arm-cortexm3-eabi/lib/gcc/arm-cortexm3-eabi/13.2.0/../../../../arm-cortexm3-eabi/lib/libg.a(libc_a-fini.o)
 .debug_frame   0x00000000       0x38 /home/mikhail/bin/arm-cortexm3-eabi/lib/gcc/arm-cortexm3-eabi/13.2.0/../../../../arm-cortexm3-eabi/lib/libg.a(libc_a-fini.o)
 .ARM.attributes
                0x00000000       0x2d /home/mikhail/bin/arm-cortexm3-eabi/lib/gcc/arm-cortexm3-eabi/13.2.0/../../../../arm-cortexm3-eabi/lib/libg.a(libc_a-fini.o)
 .text          0x00000000      0x51c /home/mikhail/bin/arm-cortexm3-eabi/lib/gcc/arm-cortexm3-eabi/13.2.0/../../../../arm-cortexm3-eabi/lib/libg.a(libc_a-syscalls.o)
 .data          0x00000000        0x4 /home/mikhail/bin/arm-cortexm3-eabi/lib/gcc/arm-cortexm3-eabi/13.2.0/../../../../arm-cortexm3-eabi/lib/libg.a(libc_a-syscalls.o)
 .bss           0x00000000       0xb0 /home/mikhail/bin/arm-cortexm3-eabi/lib/gcc/arm-cortexm3-eabi/13.2.0/../../../../arm-cortexm3-eabi/lib/libg.a(libc_a-syscalls.o)
 .rodata.str1.1
                0x00000000        0x4 /home/mikhail/bin/arm-cortexm3-eabi/lib/gcc/arm-cortexm3-eabi/13.2.0/../../../../arm-cortexm3-eabi/lib/libg.a(libc_a-syscalls.o)
 .debug_info    0x00000000     0x1da1 /home/mikhail/bin/arm-cortexm3-eabi/lib/gcc/arm-cortexm3-eabi/13.2.0/../../../../arm-cortexm3-eabi/lib/libg.a(libc_a-syscalls.o)
 .debug_abbrev  0x00000000      0x5f8 /home/mikhail/bin/arm-cortexm3-eabi/lib/gcc/arm-cortexm3-eabi/13.2.0/../../../../arm-cortexm3-eabi/lib/libg.a(libc_a-syscalls.o)
 .debug_loclists
                0x00000000      0xf23 /home/mikhail/bin/arm-cortexm3-eabi/lib/gcc/arm-cortexm3-eabi/13.2.0/../../../../arm-cortexm3-eabi/lib/libg.a(libc_a-syscalls.o)
 .debug_aranges
                0x00000000       0x20 /home/mikhail/bin/arm-cortexm3-eabi/lib/gcc/arm-cortexm3-eabi/13.2.0/../../../../arm-cortexm3-eabi/lib/libg.a(libc_a-syscalls.o)
 .debug_rnglists
                0x00000000       0x91 /home/mikhail/bin/arm-cortexm3-eabi/lib/gcc/arm-cortexm3-eabi/13.2.0/../../../../arm-cortexm3-eabi/lib/libg.a(libc_a-syscalls.o)
 .debug_line    0x00000000      0xcee /home/mikhail/bin/arm-cortexm3-eabi/lib/gcc/arm-cortexm3-eabi/13.2.0/../../../../arm-cortexm3-eabi/lib/libg.a(libc_a-syscalls.o)
 .debug_str     0x00000000      0x8bd /home/mikhail/bin/arm-cortexm3-eabi/lib/gcc/arm-cortexm3-eabi/13.2.0/../../../../arm-cortexm3-eabi/lib/libg.a(libc_a-syscalls.o)
 .comment       0x00000000       0x38 /home/mikhail/bin/arm-cortexm3-eabi/lib/gcc/arm-cortexm3-eabi/13.2.0/../../../../arm-cortexm3-eabi/lib/libg.a(libc_a-syscalls.o)
 .debug_frame   0x00000000      0x35c /home/mikhail/bin/arm-cortexm3-eabi/lib/gcc/arm-cortexm3-eabi/13.2.0/../../../../arm-cortexm3-eabi/lib/libg.a(libc_a-syscalls.o)
 .ARM.attributes
                0x00000000       0x2d /home/mikhail/bin/arm-cortexm3-eabi/lib/gcc/arm-cortexm3-eabi/13.2.0/../../../../arm-cortexm3-eabi/lib/libg.a(libc_a-syscalls.o)
 .text          0x00000000       0x10 /home/mikhail/bin/arm-cortexm3-eabi/lib/gcc/arm-cortexm3-eabi/13.2.0/../../../../arm-cortexm3-eabi/lib/libg.a(libc_a-strlen.o)
 .data          0x00000000        0x0 /home/mikhail/bin/arm-cortexm3-eabi/lib/gcc/arm-cortexm3-eabi/13.2.0/../../../../arm-cortexm3-eabi/lib/libg.a(libc_a-strlen.o)
 .bss           0x00000000        0x0 /home/mikhail/bin/arm-cortexm3-eabi/lib/gcc/arm-cortexm3-eabi/13.2.0/../../../../arm-cortexm3-eabi/lib/libg.a(libc_a-strlen.o)
 .ARM.extab     0x00000000        0x0 /home/mikhail/bin/arm-cortexm3-eabi/lib/gcc/arm-cortexm3-eabi/13.2.0/../../../../arm-cortexm3-eabi/lib/libg.a(libc_a-strlen.o)
 .ARM.exidx     0x00000000        0x8 /home/mikhail/bin/arm-cortexm3-eabi/lib/gcc/arm-cortexm3-eabi/13.2.0/../../../../arm-cortexm3-eabi/lib/libg.a(libc_a-strlen.o)
 .debug_line    0x00000000       0x4f /home/mikhail/bin/arm-cortexm3-eabi/lib/gcc/arm-cortexm3-eabi/13.2.0/../../../../arm-cortexm3-eabi/lib/libg.a(libc_a-strlen.o)
 .debug_line_str
                0x00000000       0xc0 /home/mikhail/bin/arm-cortexm3-eabi/lib/gcc/arm-cortexm3-eabi/13.2.0/../../../../arm-cortexm3-eabi/lib/libg.a(libc_a-strlen.o)
 .debug_info    0x00000000       0x31 /home/mikhail/bin/arm-cortexm3-eabi/lib/gcc/arm-cortexm3-eabi/13.2.0/../../../../arm-cortexm3-eabi/lib/libg.a(libc_a-strlen.o)
 .debug_abbrev  0x00000000       0x28 /home/mikhail/bin/arm-cortexm3-eabi/lib/gcc/arm-cortexm3-eabi/13.2.0/../../../../arm-cortexm3-eabi/lib/libg.a(libc_a-strlen.o)
 .debug_aranges
                0x00000000       0x20 /home/mikhail/bin/arm-cortexm3-eabi/lib/gcc/arm-cortexm3-eabi/13.2.0/../../../../arm-cortexm3-eabi/lib/libg.a(libc_a-strlen.o)
 .debug_str     0x00000000       0xd3 /home/mikhail/bin/arm-cortexm3-eabi/lib/gcc/arm-cortexm3-eabi/13.2.0/../../../../arm-cortexm3-eabi/lib/libg.a(libc_a-strlen.o)
 .eh_frame      0x00000000       0x28 /home/mikhail/bin/arm-cortexm3-eabi/lib/gcc/arm-cortexm3-eabi/13.2.0/../../../../arm-cortexm3-eabi/lib/libg.a(libc_a-strlen.o)
 .ARM.attributes
                0x00000000       0x17 /home/mikhail/bin/arm-cortexm3-eabi/lib/gcc/arm-cortexm3-eabi/13.2.0/../../../../arm-cortexm3-eabi/lib/libg.a(libc_a-strlen.o)
 .text          0x00000000       0x58 /home/mikhail/bin/arm-cortexm3-eabi/lib/gcc/arm-cortexm3-eabi/13.2.0/../../../../arm-cortexm3-eabi/lib/libg.a(libc_a-__atexit.o)
 .data          0x00000000        0x0 /home/mikhail/bin/arm-cortexm3-eabi/lib/gcc/arm-cortexm3-eabi/13.2.0/../../../../arm-cortexm3-eabi/lib/libg.a(libc_a-__atexit.o)
 .bss           0x00000000      0x190 /home/mikhail/bin/arm-cortexm3-eabi/lib/gcc/arm-cortexm3-eabi/13.2.0/../../../../arm-cortexm3-eabi/lib/libg.a(libc_a-__atexit.o)
 .debug_info    0x00000000      0x1fd /home/mikhail/bin/arm-cortexm3-eabi/lib/gcc/arm-cortexm3-eabi/13.2.0/../../../../arm-cortexm3-eabi/lib/libg.a(libc_a-__atexit.o)
 .debug_abbrev  0x00000000      0x157 /home/mikhail/bin/arm-cortexm3-eabi/lib/gcc/arm-cortexm3-eabi/13.2.0/../../../../arm-cortexm3-eabi/lib/libg.a(libc_a-__atexit.o)
 .debug_loclists
                0x00000000       0xb1 /home/mikhail/bin/arm-cortexm3-eabi/lib/gcc/arm-cortexm3-eabi/13.2.0/../../../../arm-cortexm3-eabi/lib/libg.a(libc_a-__atexit.o)
 .debug_aranges
                0x00000000       0x20 /home/mikhail/bin/arm-cortexm3-eabi/lib/gcc/arm-cortexm3-eabi/13.2.0/../../../../arm-cortexm3-eabi/lib/libg.a(libc_a-__atexit.o)
 .debug_line    0x00000000      0x17f /home/mikhail/bin/arm-cortexm3-eabi/lib/gcc/arm-cortexm3-eabi/13.2.0/../../../../arm-cortexm3-eabi/lib/libg.a(libc_a-__atexit.o)
 .debug_str     0x00000000      0x25c /home/mikhail/bin/arm-cortexm3-eabi/lib/gcc/arm-cortexm3-eabi/13.2.0/../../../../arm-cortexm3-eabi/lib/libg.a(libc_a-__atexit.o)
 .comment       0x00000000       0x38 /home/mikhail/bin/arm-cortexm3-eabi/lib/gcc/arm-cortexm3-eabi/13.2.0/../../../../arm-cortexm3-eabi/lib/libg.a(libc_a-__atexit.o)
 .debug_frame   0x00000000       0x30 /home/mikhail/bin/arm-cortexm3-eabi/lib/gcc/arm-cortexm3-eabi/13.2.0/../../../../arm-cortexm3-eabi/lib/libg.a(libc_a-__atexit.o)
 .ARM.attributes
                0x00000000       0x2d /home/mikhail/bin/arm-cortexm3-eabi/lib/gcc/arm-cortexm3-eabi/13.2.0/../../../../arm-cortexm3-eabi/lib/libg.a(libc_a-__atexit.o)
 .text          0x00000000       0x94 /home/mikhail/bin/arm-cortexm3-eabi/lib/gcc/arm-cortexm3-eabi/13.2.0/../../../../arm-cortexm3-eabi/lib/libg.a(libc_a-__call_atexit.o)
 .data          0x00000000        0x0 /home/mikhail/bin/arm-cortexm3-eabi/lib/gcc/arm-cortexm3-eabi/13.2.0/../../../../arm-cortexm3-eabi/lib/libg.a(libc_a-__call_atexit.o)
 .bss           0x00000000        0x4 /home/mikhail/bin/arm-cortexm3-eabi/lib/gcc/arm-cortexm3-eabi/13.2.0/../../../../arm-cortexm3-eabi/lib/libg.a(libc_a-__call_atexit.o)
 .debug_info    0x00000000      0x232 /home/mikhail/bin/arm-cortexm3-eabi/lib/gcc/arm-cortexm3-eabi/13.2.0/../../../../arm-cortexm3-eabi/lib/libg.a(libc_a-__call_atexit.o)
 .debug_abbrev  0x00000000      0x16a /home/mikhail/bin/arm-cortexm3-eabi/lib/gcc/arm-cortexm3-eabi/13.2.0/../../../../arm-cortexm3-eabi/lib/libg.a(libc_a-__call_atexit.o)
 .debug_loclists
                0x00000000       0xa1 /home/mikhail/bin/arm-cortexm3-eabi/lib/gcc/arm-cortexm3-eabi/13.2.0/../../../../arm-cortexm3-eabi/lib/libg.a(libc_a-__call_atexit.o)
 .debug_aranges
                0x00000000       0x20 /home/mikhail/bin/arm-cortexm3-eabi/lib/gcc/arm-cortexm3-eabi/13.2.0/../../../../arm-cortexm3-eabi/lib/libg.a(libc_a-__call_atexit.o)
 .debug_rnglists
                0x00000000       0x1a /home/mikhail/bin/arm-cortexm3-eabi/lib/gcc/arm-cortexm3-eabi/13.2.0/../../../../arm-cortexm3-eabi/lib/libg.a(libc_a-__call_atexit.o)
 .debug_line    0x00000000      0x1f5 /home/mikhail/bin/arm-cortexm3-eabi/lib/gcc/arm-cortexm3-eabi/13.2.0/../../../../arm-cortexm3-eabi/lib/libg.a(libc_a-__call_atexit.o)
 .debug_str     0x00000000      0x24b /home/mikhail/bin/arm-cortexm3-eabi/lib/gcc/arm-cortexm3-eabi/13.2.0/../../../../arm-cortexm3-eabi/lib/libg.a(libc_a-__call_atexit.o)
 .comment       0x00000000       0x38 /home/mikhail/bin/arm-cortexm3-eabi/lib/gcc/arm-cortexm3-eabi/13.2.0/../../../../arm-cortexm3-eabi/lib/libg.a(libc_a-__call_atexit.o)
 .debug_frame   0x00000000       0x3c /home/mikhail/bin/arm-cortexm3-eabi/lib/gcc/arm-cortexm3-eabi/13.2.0/../../../../arm-cortexm3-eabi/lib/libg.a(libc_a-__call_atexit.o)
 .ARM.attributes
                0x00000000       0x2d /home/mikhail/bin/arm-cortexm3-eabi/lib/gcc/arm-cortexm3-eabi/13.2.0/../../../../arm-cortexm3-eabi/lib/libg.a(libc_a-__call_atexit.o)
 .text          0x00000000      0x22c /home/mikhail/bin/arm-cortexm3-eabi/lib/gcc/arm-cortexm3-eabi/13.2.0/../../../../arm-cortexm3-eabi/lib/libg.a(libc_a-freer.o)
 .data          0x00000000        0x0 /home/mikhail/bin/arm-cortexm3-eabi/lib/gcc/arm-cortexm3-eabi/13.2.0/../../../../arm-cortexm3-eabi/lib/libg.a(libc_a-freer.o)
 .bss           0x00000000        0x0 /home/mikhail/bin/arm-cortexm3-eabi/lib/gcc/arm-cortexm3-eabi/13.2.0/../../../../arm-cortexm3-eabi/lib/libg.a(libc_a-freer.o)
 .debug_info    0x00000000      0xb3a /home/mikhail/bin/arm-cortexm3-eabi/lib/gcc/arm-cortexm3-eabi/13.2.0/../../../../arm-cortexm3-eabi/lib/libg.a(libc_a-freer.o)
 .debug_abbrev  0x00000000      0x27d /home/mikhail/bin/arm-cortexm3-eabi/lib/gcc/arm-cortexm3-eabi/13.2.0/../../../../arm-cortexm3-eabi/lib/libg.a(libc_a-freer.o)
 .debug_loclists
                0x00000000      0x31b /home/mikhail/bin/arm-cortexm3-eabi/lib/gcc/arm-cortexm3-eabi/13.2.0/../../../../arm-cortexm3-eabi/lib/libg.a(libc_a-freer.o)
 .debug_aranges
                0x00000000       0x20 /home/mikhail/bin/arm-cortexm3-eabi/lib/gcc/arm-cortexm3-eabi/13.2.0/../../../../arm-cortexm3-eabi/lib/libg.a(libc_a-freer.o)
 .debug_line    0x00000000      0x4db /home/mikhail/bin/arm-cortexm3-eabi/lib/gcc/arm-cortexm3-eabi/13.2.0/../../../../arm-cortexm3-eabi/lib/libg.a(libc_a-freer.o)
 .debug_str     0x00000000      0x637 /home/mikhail/bin/arm-cortexm3-eabi/lib/gcc/arm-cortexm3-eabi/13.2.0/../../../../arm-cortexm3-eabi/lib/libg.a(libc_a-freer.o)
 .comment       0x00000000       0x38 /home/mikhail/bin/arm-cortexm3-eabi/lib/gcc/arm-cortexm3-eabi/13.2.0/../../../../arm-cortexm3-eabi/lib/libg.a(libc_a-freer.o)
 .debug_frame   0x00000000       0x60 /home/mikhail/bin/arm-cortexm3-eabi/lib/gcc/arm-cortexm3-eabi/13.2.0/../../../../arm-cortexm3-eabi/lib/libg.a(libc_a-freer.o)
 .ARM.attributes
                0x00000000       0x2d /home/mikhail/bin/arm-cortexm3-eabi/lib/gcc/arm-cortexm3-eabi/13.2.0/../../../../arm-cortexm3-eabi/lib/libg.a(libc_a-freer.o)
 .text          0x00000000      0x474 /home/mikhail/bin/arm-cortexm3-eabi/lib/gcc/arm-cortexm3-eabi/13.2.0/../../../../arm-cortexm3-eabi/lib/libg.a(libc_a-mallocr.o)
 .data          0x00000000      0x410 /home/mikhail/bin/arm-cortexm3-eabi/lib/gcc/arm-cortexm3-eabi/13.2.0/../../../../arm-cortexm3-eabi/lib/libg.a(libc_a-mallocr.o)
 .bss           0x00000000       0x34 /home/mikhail/bin/arm-cortexm3-eabi/lib/gcc/arm-cortexm3-eabi/13.2.0/../../../../arm-cortexm3-eabi/lib/libg.a(libc_a-mallocr.o)
 .debug_info    0x00000000      0xc73 /home/mikhail/bin/arm-cortexm3-eabi/lib/gcc/arm-cortexm3-eabi/13.2.0/../../../../arm-cortexm3-eabi/lib/libg.a(libc_a-mallocr.o)
 .debug_abbrev  0x00000000      0x2c7 /home/mikhail/bin/arm-cortexm3-eabi/lib/gcc/arm-cortexm3-eabi/13.2.0/../../../../arm-cortexm3-eabi/lib/libg.a(libc_a-mallocr.o)
 .debug_loclists
                0x00000000      0x638 /home/mikhail/bin/arm-cortexm3-eabi/lib/gcc/arm-cortexm3-eabi/13.2.0/../../../../arm-cortexm3-eabi/lib/libg.a(libc_a-mallocr.o)
 .debug_aranges
                0x00000000       0x20 /home/mikhail/bin/arm-cortexm3-eabi/lib/gcc/arm-cortexm3-eabi/13.2.0/../../../../arm-cortexm3-eabi/lib/libg.a(libc_a-mallocr.o)
 .debug_rnglists
                0x00000000       0x1c /home/mikhail/bin/arm-cortexm3-eabi/lib/gcc/arm-cortexm3-eabi/13.2.0/../../../../arm-cortexm3-eabi/lib/libg.a(libc_a-mallocr.o)
 .debug_line    0x00000000      0x802 /home/mikhail/bin/arm-cortexm3-eabi/lib/gcc/arm-cortexm3-eabi/13.2.0/../../../../arm-cortexm3-eabi/lib/libg.a(libc_a-mallocr.o)
 .debug_str     0x00000000      0x6ef /home/mikhail/bin/arm-cortexm3-eabi/lib/gcc/arm-cortexm3-eabi/13.2.0/../../../../arm-cortexm3-eabi/lib/libg.a(libc_a-mallocr.o)
 .comment       0x00000000       0x38 /home/mikhail/bin/arm-cortexm3-eabi/lib/gcc/arm-cortexm3-eabi/13.2.0/../../../../arm-cortexm3-eabi/lib/libg.a(libc_a-mallocr.o)
 .debug_frame   0x00000000       0x40 /home/mikhail/bin/arm-cortexm3-eabi/lib/gcc/arm-cortexm3-eabi/13.2.0/../../../../arm-cortexm3-eabi/lib/libg.a(libc_a-mallocr.o)
 .ARM.attributes
                0x00000000       0x2d /home/mikhail/bin/arm-cortexm3-eabi/lib/gcc/arm-cortexm3-eabi/13.2.0/../../../../arm-cortexm3-eabi/lib/libg.a(libc_a-mallocr.o)
 .text          0x00000000        0x4 /home/mikhail/bin/arm-cortexm3-eabi/lib/gcc/arm-cortexm3-eabi/13.2.0/../../../../arm-cortexm3-eabi/lib/libg.a(libc_a-mlock.o)
 .data          0x00000000        0x0 /home/mikhail/bin/arm-cortexm3-eabi/lib/gcc/arm-cortexm3-eabi/13.2.0/../../../../arm-cortexm3-eabi/lib/libg.a(libc_a-mlock.o)
 .bss           0x00000000        0x0 /home/mikhail/bin/arm-cortexm3-eabi/lib/gcc/arm-cortexm3-eabi/13.2.0/../../../../arm-cortexm3-eabi/lib/libg.a(libc_a-mlock.o)
 .debug_info    0x00000000      0x73a /home/mikhail/bin/arm-cortexm3-eabi/lib/gcc/arm-cortexm3-eabi/13.2.0/../../../../arm-cortexm3-eabi/lib/libg.a(libc_a-mlock.o)
 .debug_abbrev  0x00000000      0x1ce /home/mikhail/bin/arm-cortexm3-eabi/lib/gcc/arm-cortexm3-eabi/13.2.0/../../../../arm-cortexm3-eabi/lib/libg.a(libc_a-mlock.o)
 .debug_aranges
                0x00000000       0x20 /home/mikhail/bin/arm-cortexm3-eabi/lib/gcc/arm-cortexm3-eabi/13.2.0/../../../../arm-cortexm3-eabi/lib/libg.a(libc_a-mlock.o)
 .debug_line    0x00000000      0x1d0 /home/mikhail/bin/arm-cortexm3-eabi/lib/gcc/arm-cortexm3-eabi/13.2.0/../../../../arm-cortexm3-eabi/lib/libg.a(libc_a-mlock.o)
 .debug_str     0x00000000      0x4e5 /home/mikhail/bin/arm-cortexm3-eabi/lib/gcc/arm-cortexm3-eabi/13.2.0/../../../../arm-cortexm3-eabi/lib/libg.a(libc_a-mlock.o)
 .comment       0x00000000       0x38 /home/mikhail/bin/arm-cortexm3-eabi/lib/gcc/arm-cortexm3-eabi/13.2.0/../../../../arm-cortexm3-eabi/lib/libg.a(libc_a-mlock.o)
 .debug_frame   0x00000000       0x30 /home/mikhail/bin/arm-cortexm3-eabi/lib/gcc/arm-cortexm3-eabi/13.2.0/../../../../arm-cortexm3-eabi/lib/libg.a(libc_a-mlock.o)
 .ARM.attributes
                0x00000000       0x2d /home/mikhail/bin/arm-cortexm3-eabi/lib/gcc/arm-cortexm3-eabi/13.2.0/../../../../arm-cortexm3-eabi/lib/libg.a(libc_a-mlock.o)
 .text          0x00000000       0x8c /home/mikhail/bin/arm-cortexm3-eabi/lib/gcc/arm-cortexm3-eabi/13.2.0/../../../../arm-cortexm3-eabi/lib/libg.a(libc_a-fclose.o)
 .data          0x00000000        0x0 /home/mikhail/bin/arm-cortexm3-eabi/lib/gcc/arm-cortexm3-eabi/13.2.0/../../../../arm-cortexm3-eabi/lib/libg.a(libc_a-fclose.o)
 .bss           0x00000000        0x0 /home/mikhail/bin/arm-cortexm3-eabi/lib/gcc/arm-cortexm3-eabi/13.2.0/../../../../arm-cortexm3-eabi/lib/libg.a(libc_a-fclose.o)
 .debug_info    0x00000000      0x8f3 /home/mikhail/bin/arm-cortexm3-eabi/lib/gcc/arm-cortexm3-eabi/13.2.0/../../../../arm-cortexm3-eabi/lib/libg.a(libc_a-fclose.o)
 .debug_abbrev  0x00000000      0x2ea /home/mikhail/bin/arm-cortexm3-eabi/lib/gcc/arm-cortexm3-eabi/13.2.0/../../../../arm-cortexm3-eabi/lib/libg.a(libc_a-fclose.o)
 .debug_loclists
                0x00000000       0x98 /home/mikhail/bin/arm-cortexm3-eabi/lib/gcc/arm-cortexm3-eabi/13.2.0/../../../../arm-cortexm3-eabi/lib/libg.a(libc_a-fclose.o)
 .debug_aranges
                0x00000000       0x20 /home/mikhail/bin/arm-cortexm3-eabi/lib/gcc/arm-cortexm3-eabi/13.2.0/../../../../arm-cortexm3-eabi/lib/libg.a(libc_a-fclose.o)
 .debug_line    0x00000000      0x2bc /home/mikhail/bin/arm-cortexm3-eabi/lib/gcc/arm-cortexm3-eabi/13.2.0/../../../../arm-cortexm3-eabi/lib/libg.a(libc_a-fclose.o)
 .debug_str     0x00000000      0x526 /home/mikhail/bin/arm-cortexm3-eabi/lib/gcc/arm-cortexm3-eabi/13.2.0/../../../../arm-cortexm3-eabi/lib/libg.a(libc_a-fclose.o)
 .comment       0x00000000       0x38 /home/mikhail/bin/arm-cortexm3-eabi/lib/gcc/arm-cortexm3-eabi/13.2.0/../../../../arm-cortexm3-eabi/lib/libg.a(libc_a-fclose.o)
 .debug_frame   0x00000000       0x3c /home/mikhail/bin/arm-cortexm3-eabi/lib/gcc/arm-cortexm3-eabi/13.2.0/../../../../arm-cortexm3-eabi/lib/libg.a(libc_a-fclose.o)
 .ARM.attributes
                0x00000000       0x2d /home/mikhail/bin/arm-cortexm3-eabi/lib/gcc/arm-cortexm3-eabi/13.2.0/../../../../arm-cortexm3-eabi/lib/libg.a(libc_a-fclose.o)
 .text          0x00000000      0x154 /home/mikhail/bin/arm-cortexm3-eabi/lib/gcc/arm-cortexm3-eabi/13.2.0/../../../../arm-cortexm3-eabi/lib/libg.a(libc_a-fflush.o)
 .data          0x00000000        0x0 /home/mikhail/bin/arm-cortexm3-eabi/lib/gcc/arm-cortexm3-eabi/13.2.0/../../../../arm-cortexm3-eabi/lib/libg.a(libc_a-fflush.o)
 .bss           0x00000000        0x0 /home/mikhail/bin/arm-cortexm3-eabi/lib/gcc/arm-cortexm3-eabi/13.2.0/../../../../arm-cortexm3-eabi/lib/libg.a(libc_a-fflush.o)
 .debug_info    0x00000000      0x9ca /home/mikhail/bin/arm-cortexm3-eabi/lib/gcc/arm-cortexm3-eabi/13.2.0/../../../../arm-cortexm3-eabi/lib/libg.a(libc_a-fflush.o)
 .debug_abbrev  0x00000000      0x2ed /home/mikhail/bin/arm-cortexm3-eabi/lib/gcc/arm-cortexm3-eabi/13.2.0/../../../../arm-cortexm3-eabi/lib/libg.a(libc_a-fflush.o)
 .debug_loclists
                0x00000000      0x1b7 /home/mikhail/bin/arm-cortexm3-eabi/lib/gcc/arm-cortexm3-eabi/13.2.0/../../../../arm-cortexm3-eabi/lib/libg.a(libc_a-fflush.o)
 .debug_aranges
                0x00000000       0x20 /home/mikhail/bin/arm-cortexm3-eabi/lib/gcc/arm-cortexm3-eabi/13.2.0/../../../../arm-cortexm3-eabi/lib/libg.a(libc_a-fflush.o)
 .debug_rnglists
                0x00000000       0x2c /home/mikhail/bin/arm-cortexm3-eabi/lib/gcc/arm-cortexm3-eabi/13.2.0/../../../../arm-cortexm3-eabi/lib/libg.a(libc_a-fflush.o)
 .debug_line    0x00000000      0x415 /home/mikhail/bin/arm-cortexm3-eabi/lib/gcc/arm-cortexm3-eabi/13.2.0/../../../../arm-cortexm3-eabi/lib/libg.a(libc_a-fflush.o)
 .debug_str     0x00000000      0x54e /home/mikhail/bin/arm-cortexm3-eabi/lib/gcc/arm-cortexm3-eabi/13.2.0/../../../../arm-cortexm3-eabi/lib/libg.a(libc_a-fflush.o)
 .comment       0x00000000       0x38 /home/mikhail/bin/arm-cortexm3-eabi/lib/gcc/arm-cortexm3-eabi/13.2.0/../../../../arm-cortexm3-eabi/lib/libg.a(libc_a-fflush.o)
 .debug_frame   0x00000000       0x68 /home/mikhail/bin/arm-cortexm3-eabi/lib/gcc/arm-cortexm3-eabi/13.2.0/../../../../arm-cortexm3-eabi/lib/libg.a(libc_a-fflush.o)
 .ARM.attributes
                0x00000000       0x2d /home/mikhail/bin/arm-cortexm3-eabi/lib/gcc/arm-cortexm3-eabi/13.2.0/../../../../arm-cortexm3-eabi/lib/libg.a(libc_a-fflush.o)
 .text          0x00000000       0x20 /home/mikhail/bin/arm-cortexm3-eabi/lib/gcc/arm-cortexm3-eabi/13.2.0/../../../../arm-cortexm3-eabi/lib/libg.a(libc_a-sbrkr.o)
 .data          0x00000000        0x0 /home/mikhail/bin/arm-cortexm3-eabi/lib/gcc/arm-cortexm3-eabi/13.2.0/../../../../arm-cortexm3-eabi/lib/libg.a(libc_a-sbrkr.o)
 .bss           0x00000000        0x0 /home/mikhail/bin/arm-cortexm3-eabi/lib/gcc/arm-cortexm3-eabi/13.2.0/../../../../arm-cortexm3-eabi/lib/libg.a(libc_a-sbrkr.o)
 .debug_info    0x00000000      0x796 /home/mikhail/bin/arm-cortexm3-eabi/lib/gcc/arm-cortexm3-eabi/13.2.0/../../../../arm-cortexm3-eabi/lib/libg.a(libc_a-sbrkr.o)
 .debug_abbrev  0x00000000      0x216 /home/mikhail/bin/arm-cortexm3-eabi/lib/gcc/arm-cortexm3-eabi/13.2.0/../../../../arm-cortexm3-eabi/lib/libg.a(libc_a-sbrkr.o)
 .debug_loclists
                0x00000000       0x4b /home/mikhail/bin/arm-cortexm3-eabi/lib/gcc/arm-cortexm3-eabi/13.2.0/../../../../arm-cortexm3-eabi/lib/libg.a(libc_a-sbrkr.o)
 .debug_aranges
                0x00000000       0x20 /home/mikhail/bin/arm-cortexm3-eabi/lib/gcc/arm-cortexm3-eabi/13.2.0/../../../../arm-cortexm3-eabi/lib/libg.a(libc_a-sbrkr.o)
 .debug_line    0x00000000      0x20d /home/mikhail/bin/arm-cortexm3-eabi/lib/gcc/arm-cortexm3-eabi/13.2.0/../../../../arm-cortexm3-eabi/lib/libg.a(libc_a-sbrkr.o)
 .debug_str     0x00000000      0x4d0 /home/mikhail/bin/arm-cortexm3-eabi/lib/gcc/arm-cortexm3-eabi/13.2.0/../../../../arm-cortexm3-eabi/lib/libg.a(libc_a-sbrkr.o)
 .comment       0x00000000       0x38 /home/mikhail/bin/arm-cortexm3-eabi/lib/gcc/arm-cortexm3-eabi/13.2.0/../../../../arm-cortexm3-eabi/lib/libg.a(libc_a-sbrkr.o)
 .debug_frame   0x00000000       0x2c /home/mikhail/bin/arm-cortexm3-eabi/lib/gcc/arm-cortexm3-eabi/13.2.0/../../../../arm-cortexm3-eabi/lib/libg.a(libc_a-sbrkr.o)
 .ARM.attributes
                0x00000000       0x2d /home/mikhail/bin/arm-cortexm3-eabi/lib/gcc/arm-cortexm3-eabi/13.2.0/../../../../arm-cortexm3-eabi/lib/libg.a(libc_a-sbrkr.o)
 .text          0x00000000        0xc /home/mikhail/bin/arm-cortexm3-eabi/lib/gcc/arm-cortexm3-eabi/13.2.0/../../../../arm-cortexm3-eabi/lib/libg.a(libc_a-errno.o)
 .data          0x00000000        0x0 /home/mikhail/bin/arm-cortexm3-eabi/lib/gcc/arm-cortexm3-eabi/13.2.0/../../../../arm-cortexm3-eabi/lib/libg.a(libc_a-errno.o)
 .bss           0x00000000        0x0 /home/mikhail/bin/arm-cortexm3-eabi/lib/gcc/arm-cortexm3-eabi/13.2.0/../../../../arm-cortexm3-eabi/lib/libg.a(libc_a-errno.o)
 .debug_info    0x00000000      0x70f /home/mikhail/bin/arm-cortexm3-eabi/lib/gcc/arm-cortexm3-eabi/13.2.0/../../../../arm-cortexm3-eabi/lib/libg.a(libc_a-errno.o)
 .debug_abbrev  0x00000000      0x19a /home/mikhail/bin/arm-cortexm3-eabi/lib/gcc/arm-cortexm3-eabi/13.2.0/../../../../arm-cortexm3-eabi/lib/libg.a(libc_a-errno.o)
 .debug_aranges
                0x00000000       0x20 /home/mikhail/bin/arm-cortexm3-eabi/lib/gcc/arm-cortexm3-eabi/13.2.0/../../../../arm-cortexm3-eabi/lib/libg.a(libc_a-errno.o)
 .debug_line    0x00000000      0x179 /home/mikhail/bin/arm-cortexm3-eabi/lib/gcc/arm-cortexm3-eabi/13.2.0/../../../../arm-cortexm3-eabi/lib/libg.a(libc_a-errno.o)
 .debug_str     0x00000000      0x4c1 /home/mikhail/bin/arm-cortexm3-eabi/lib/gcc/arm-cortexm3-eabi/13.2.0/../../../../arm-cortexm3-eabi/lib/libg.a(libc_a-errno.o)
 .comment       0x00000000       0x38 /home/mikhail/bin/arm-cortexm3-eabi/lib/gcc/arm-cortexm3-eabi/13.2.0/../../../../arm-cortexm3-eabi/lib/libg.a(libc_a-errno.o)
 .debug_frame   0x00000000       0x20 /home/mikhail/bin/arm-cortexm3-eabi/lib/gcc/arm-cortexm3-eabi/13.2.0/../../../../arm-cortexm3-eabi/lib/libg.a(libc_a-errno.o)
 .ARM.attributes
                0x00000000       0x2d /home/mikhail/bin/arm-cortexm3-eabi/lib/gcc/arm-cortexm3-eabi/13.2.0/../../../../arm-cortexm3-eabi/lib/libg.a(libc_a-errno.o)
 .text          0x00000000       0x1a /home/mikhail/bin/arm-cortexm3-eabi/lib/gcc/arm-cortexm3-eabi/13.2.0/../../../../arm-cortexm3-eabi/lib/libg.a(libc_a-sysconf.o)
 .data          0x00000000        0x0 /home/mikhail/bin/arm-cortexm3-eabi/lib/gcc/arm-cortexm3-eabi/13.2.0/../../../../arm-cortexm3-eabi/lib/libg.a(libc_a-sysconf.o)
 .bss           0x00000000        0x0 /home/mikhail/bin/arm-cortexm3-eabi/lib/gcc/arm-cortexm3-eabi/13.2.0/../../../../arm-cortexm3-eabi/lib/libg.a(libc_a-sysconf.o)
 .debug_info    0x00000000       0xc1 /home/mikhail/bin/arm-cortexm3-eabi/lib/gcc/arm-cortexm3-eabi/13.2.0/../../../../arm-cortexm3-eabi/lib/libg.a(libc_a-sysconf.o)
 .debug_abbrev  0x00000000       0x80 /home/mikhail/bin/arm-cortexm3-eabi/lib/gcc/arm-cortexm3-eabi/13.2.0/../../../../arm-cortexm3-eabi/lib/libg.a(libc_a-sysconf.o)
 .debug_loclists
                0x00000000       0x3b /home/mikhail/bin/arm-cortexm3-eabi/lib/gcc/arm-cortexm3-eabi/13.2.0/../../../../arm-cortexm3-eabi/lib/libg.a(libc_a-sysconf.o)
 .debug_aranges
                0x00000000       0x20 /home/mikhail/bin/arm-cortexm3-eabi/lib/gcc/arm-cortexm3-eabi/13.2.0/../../../../arm-cortexm3-eabi/lib/libg.a(libc_a-sysconf.o)
 .debug_line    0x00000000      0x11a /home/mikhail/bin/arm-cortexm3-eabi/lib/gcc/arm-cortexm3-eabi/13.2.0/../../../../arm-cortexm3-eabi/lib/libg.a(libc_a-sysconf.o)
 .debug_str     0x00000000      0x1bd /home/mikhail/bin/arm-cortexm3-eabi/lib/gcc/arm-cortexm3-eabi/13.2.0/../../../../arm-cortexm3-eabi/lib/libg.a(libc_a-sysconf.o)
 .comment       0x00000000       0x38 /home/mikhail/bin/arm-cortexm3-eabi/lib/gcc/arm-cortexm3-eabi/13.2.0/../../../../arm-cortexm3-eabi/lib/libg.a(libc_a-sysconf.o)
 .debug_frame   0x00000000       0x28 /home/mikhail/bin/arm-cortexm3-eabi/lib/gcc/arm-cortexm3-eabi/13.2.0/../../../../arm-cortexm3-eabi/lib/libg.a(libc_a-sysconf.o)
 .ARM.attributes
                0x00000000       0x2d /home/mikhail/bin/arm-cortexm3-eabi/lib/gcc/arm-cortexm3-eabi/13.2.0/../../../../arm-cortexm3-eabi/lib/libg.a(libc_a-sysconf.o)
 .text          0x00000000        0x0 /home/mikhail/bin/arm-cortexm3-eabi/lib/gcc/arm-cortexm3-eabi/13.2.0/crtend.o
 .data          0x00000000        0x0 /home/mikhail/bin/arm-cortexm3-eabi/lib/gcc/arm-cortexm3-eabi/13.2.0/crtend.o
 .bss           0x00000000        0x0 /home/mikhail/bin/arm-cortexm3-eabi/lib/gcc/arm-cortexm3-eabi/13.2.0/crtend.o
 .rodata        0x00000000       0x24 /home/mikhail/bin/arm-cortexm3-eabi/lib/gcc/arm-cortexm3-eabi/13.2.0/crtend.o
 .eh_frame      0x00000000        0x4 /home/mikhail/bin/arm-cortexm3-eabi/lib/gcc/arm-cortexm3-eabi/13.2.0/crtend.o
 .tm_clone_table
                0x00000000        0x0 /home/mikhail/bin/arm-cortexm3-eabi/lib/gcc/arm-cortexm3-eabi/13.2.0/crtend.o
 .comment       0x00000000       0x38 /home/mikhail/bin/arm-cortexm3-eabi/lib/gcc/arm-cortexm3-eabi/13.2.0/crtend.o
 .ARM.attributes
                0x00000000       0x2d /home/mikhail/bin/arm-cortexm3-eabi/lib/gcc/arm-cortexm3-eabi/13.2.0/crtend.o
 .text          0x00000000        0x0 /home/mikhail/bin/arm-cortexm3-eabi/lib/gcc/arm-cortexm3-eabi/13.2.0/crtn.o
 .data          0x00000000        0x0 /home/mikhail/bin/arm-cortexm3-eabi/lib/gcc/arm-cortexm3-eabi/13.2.0/crtn.o
 .bss           0x00000000        0x0 /home/mikhail/bin/arm-cortexm3-eabi/lib/gcc/arm-cortexm3-eabi/13.2.0/crtn.o

Memory Configuration

Name             Origin             Length             Attributes
FLASH            0x08000000         0x00010000         xr
RAM              0x20000000         0x00002000         xrw
*default*        0x00000000         0xffffffff

Linker script and memory map

LOAD /home/mikhail/bin/arm-cortexm3-eabi/lib/gcc/arm-cortexm3-eabi/13.2.0/crti.o
LOAD /home/mikhail/bin/arm-cortexm3-eabi/lib/gcc/arm-cortexm3-eabi/13.2.0/crtbegin.o
LOAD /home/mikhail/bin/arm-cortexm3-eabi/lib/gcc/arm-cortexm3-eabi/13.2.0/../../../../arm-cortexm3-eabi/lib/crt0.o
LOAD /tmp/ccY6fqQX.o
LOAD /tmp/ccKn4XHJ.o
LOAD /tmp/ccf0iEMq.o
LOAD /tmp/ccVVH8Pn.o
LOAD libraries/lib-board/libstm32l1b.a
LOAD libraries/lib-mcu/libstm32l1.a
START GROUP
LOAD /home/mikhail/bin/arm-cortexm3-eabi/lib/gcc/arm-cortexm3-eabi/13.2.0/libgcc.a
LOAD /home/mikhail/bin/arm-cortexm3-eabi/lib/gcc/arm-cortexm3-eabi/13.2.0/../../../../arm-cortexm3-eabi/lib/libg.a
LOAD /home/mikhail/bin/arm-cortexm3-eabi/lib/gcc/arm-cortexm3-eabi/13.2.0/../../../../arm-cortexm3-eabi/lib/libc.a
END GROUP
LOAD /home/mikhail/bin/arm-cortexm3-eabi/lib/gcc/arm-cortexm3-eabi/13.2.0/crtend.o
LOAD /home/mikhail/bin/arm-cortexm3-eabi/lib/gcc/arm-cortexm3-eabi/13.2.0/crtn.o
                0x20002000                        _estack = 0x20002000

.isr_vector     0x08000000      0x13c
                0x08000000                        . = ALIGN (0x4)
 *(.isr_vector)
 .isr_vector    0x08000000      0x13c /tmp/ccY6fqQX.o
                0x08000000                g_pfnVectors
                0x0800013c                        . = ALIGN (0x4)

.text           0x0800013c      0x82c
                0x0800013c                        . = ALIGN (0x4)
 *(.text)
 .text          0x0800013c      0x22c libraries/lib-mcu/libstm32l1.a(stm32l1xx_gpio.o)
                0x0800013c                GPIO_DeInit
                0x08000230                GPIO_Init
                0x080002c4                GPIO_StructInit
                0x080002d0                GPIO_PinLockConfig
                0x080002f4                GPIO_ReadInputDataBit
                0x08000300                GPIO_ReadInputData
                0x08000308                GPIO_ReadOutputDataBit
                0x08000314                GPIO_ReadOutputData
                0x0800031c                GPIO_SetBits
                0x08000320                GPIO_ResetBits
                0x08000324                GPIO_WriteBit
                0x08000330                GPIO_Write
                0x08000334                GPIO_ToggleBits
                0x08000340                GPIO_PinAFConfig
 .text          0x08000368      0x3c0 libraries/lib-mcu/libstm32l1.a(stm32l1xx_rcc.o)
                0x08000368                RCC_DeInit
                0x080003a4                RCC_HSEConfig
                0x080003b4                RCC_WaitForHSEStartUp
                0x080003e8                RCC_AdjustMSICalibrationValue
                0x080003f4                RCC_MSIRangeConfig
                0x08000408                RCC_MSICmd
                0x08000414                RCC_AdjustHSICalibrationValue
                0x08000428                RCC_HSICmd
                0x08000434                RCC_LSEConfig
                0x08000448                RCC_LSICmd
                0x08000454                RCC_PLLConfig
                0x08000464                RCC_PLLCmd
                0x08000470                RCC_ClockSecuritySystemCmd
                0x0800047c                RCC_LSEClockSecuritySystemCmd
                0x08000488                RCC_MCOConfig
                0x08000494                RCC_SYSCLKConfig
                0x080004a8                RCC_GetSYSCLKSource
                0x080004b8                RCC_HCLKConfig
                0x080004cc                RCC_PCLK1Config
                0x080004e0                RCC_PCLK2Config
                0x080004f4                RCC_GetClocksFreq
                0x080005a0                RCC_RTCCLKConfig
                0x080005d0                RCC_RTCCLKCmd
                0x080005dc                RCC_RTCResetCmd
                0x080005e8                RCC_AHBPeriphClockCmd
                0x08000600                RCC_APB2PeriphClockCmd
                0x08000618                RCC_APB1PeriphClockCmd
                0x08000630                RCC_AHBPeriphResetCmd
                0x08000648                RCC_APB2PeriphResetCmd
                0x08000660                RCC_APB1PeriphResetCmd
                0x08000678                RCC_AHBPeriphClockLPModeCmd
                0x08000690                RCC_APB2PeriphClockLPModeCmd
                0x080006a8                RCC_APB1PeriphClockLPModeCmd
                0x080006c0                RCC_ITConfig
                0x080006d8                RCC_GetFlagStatus
                0x080006f8                RCC_ClearFlag
                0x08000708                RCC_GetITStatus
                0x0800071c                RCC_ClearITPendingBit
 .text          0x08000728       0x48 /home/mikhail/bin/arm-cortexm3-eabi/lib/gcc/arm-cortexm3-eabi/13.2.0/../../../../arm-cortexm3-eabi/lib/libg.a(libc_a-init.o)
                0x08000728                __libc_init_array
 *(.text.*)
 .text.Reset_Handler
                0x08000770       0x48 /tmp/ccY6fqQX.o
                0x08000770                Reset_Handler
 .text.Default_Handler
                0x080007b8        0x2 /tmp/ccY6fqQX.o
                0x080007b8                RTC_Alarm_IRQHandler
                0x080007b8                EXTI2_IRQHandler
                0x080007b8                COMP_ACQ_IRQHandler
                0x080007b8                TIM10_IRQHandler
                0x080007b8                USB_HP_IRQHandler
                0x080007b8                TIM6_IRQHandler
                0x080007b8                PVD_IRQHandler
                0x080007b8                SDIO_IRQHandler
                0x080007b8                EXTI3_IRQHandler
                0x080007b8                EXTI0_IRQHandler
                0x080007b8                I2C2_EV_IRQHandler
                0x080007b8                SPI1_IRQHandler
                0x080007b8                USB_FS_WKUP_IRQHandler
                0x080007b8                DMA2_Channel2_IRQHandler
                0x080007b8                DMA1_Channel4_IRQHandler
                0x080007b8                ADC1_IRQHandler
                0x080007b8                USART3_IRQHandler
                0x080007b8                DMA1_Channel7_IRQHandler
                0x080007b8                LCD_IRQHandler
                0x080007b8                UART5_IRQHandler
                0x080007b8                TIM4_IRQHandler
                0x080007b8                DMA2_Channel1_IRQHandler
                0x080007b8                I2C1_EV_IRQHandler
                0x080007b8                DMA1_Channel6_IRQHandler
                0x080007b8                UART4_IRQHandler
                0x080007b8                DMA2_Channel4_IRQHandler
                0x080007b8                TIM3_IRQHandler
                0x080007b8                RCC_IRQHandler
                0x080007b8                DMA1_Channel1_IRQHandler
                0x080007b8                Default_Handler
                0x080007b8                EXTI15_10_IRQHandler
                0x080007b8                TIM7_IRQHandler
                0x080007b8                TIM5_IRQHandler
                0x080007b8                EXTI9_5_IRQHandler
                0x080007b8                TIM9_IRQHandler
                0x080007b8                TAMPER_STAMP_IRQHandler
                0x080007b8                RTC_WKUP_IRQHandler
                0x080007b8                SPI2_IRQHandler
                0x080007b8                DMA2_Channel5_IRQHandler
                0x080007b8                DMA1_Channel5_IRQHandler
                0x080007b8                USB_LP_IRQHandler
                0x080007b8                EXTI4_IRQHandler
                0x080007b8                DMA1_Channel3_IRQHandler
                0x080007b8                COMP_IRQHandler
                0x080007b8                WWDG_IRQHandler
                0x080007b8                TIM2_IRQHandler
                0x080007b8                DAC_IRQHandler
                0x080007b8                EXTI1_IRQHandler
                0x080007b8                AES_IRQHandler
                0x080007b8                TIM11_IRQHandler
                0x080007b8                USART2_IRQHandler
                0x080007b8                I2C2_ER_IRQHandler
                0x080007b8                DMA1_Channel2_IRQHandler
                0x080007b8                FLASH_IRQHandler
                0x080007b8                USART1_IRQHandler
                0x080007b8                SPI3_IRQHandler
                0x080007b8                I2C1_ER_IRQHandler
                0x080007b8                DMA2_Channel3_IRQHandler
 *fill*         0x080007ba        0x2 
 .text.SystemInit
                0x080007bc      0x110 /tmp/ccKn4XHJ.o
                0x080007bc                SystemInit
 .text.NMI_Handler
                0x080008cc        0x2 /tmp/ccf0iEMq.o
                0x080008cc                NMI_Handler
 .text.HardFault_Handler
                0x080008ce        0x2 /tmp/ccf0iEMq.o
                0x080008ce                HardFault_Handler
 .text.MemManage_Handler
                0x080008d0        0x2 /tmp/ccf0iEMq.o
                0x080008d0                MemManage_Handler
 .text.BusFault_Handler
                0x080008d2        0x2 /tmp/ccf0iEMq.o
                0x080008d2                BusFault_Handler
 .text.UsageFault_Handler
                0x080008d4        0x2 /tmp/ccf0iEMq.o
                0x080008d4                UsageFault_Handler
 .text.SVC_Handler
                0x080008d6        0x2 /tmp/ccf0iEMq.o
                0x080008d6                SVC_Handler
 .text.DebugMon_Handler
                0x080008d8        0x2 /tmp/ccf0iEMq.o
                0x080008d8                DebugMon_Handler
 .text.PendSV_Handler
                0x080008da        0x2 /tmp/ccf0iEMq.o
                0x080008da                PendSV_Handler
 .text.SysTick_Handler
                0x080008dc        0x2 /tmp/ccf0iEMq.o
                0x080008dc                SysTick_Handler
 *fill*         0x080008de        0x2 
 .text.startup.main
                0x080008e0       0x54 /tmp/ccVVH8Pn.o
                0x080008e0                main
 *(.rodata)
 .rodata        0x08000934       0x1c libraries/lib-mcu/libstm32l1.a(stm32l1xx_rcc.o)
 *(.rodata*)
 *(.glue_7)
 .glue_7        0x08000950        0x0 linker stubs
 *(.glue_7t)
 .glue_7t       0x08000950        0x0 linker stubs
 *(.init)
 .init          0x08000950        0x4 /home/mikhail/bin/arm-cortexm3-eabi/lib/gcc/arm-cortexm3-eabi/13.2.0/crti.o
                0x08000950                _init
 .init          0x08000954        0x8 /home/mikhail/bin/arm-cortexm3-eabi/lib/gcc/arm-cortexm3-eabi/13.2.0/crtn.o
 *(.fini)
 .fini          0x0800095c        0x4 /home/mikhail/bin/arm-cortexm3-eabi/lib/gcc/arm-cortexm3-eabi/13.2.0/crti.o
                0x0800095c                _fini
 .fini          0x08000960        0x8 /home/mikhail/bin/arm-cortexm3-eabi/lib/gcc/arm-cortexm3-eabi/13.2.0/crtn.o
                0x08000968                        . = ALIGN (0x4)
                0x08000968                        _etext = .
                0x08000968                        _sidata = _etext

.vfp11_veneer   0x08000968        0x0
 .vfp11_veneer  0x08000968        0x0 linker stubs

.v4_bx          0x08000968        0x0
 .v4_bx         0x08000968        0x0 linker stubs

.iplt           0x08000968        0x0
 .iplt          0x08000968        0x0 /tmp/ccY6fqQX.o

.rel.dyn        0x08000968        0x0
 .rel.iplt      0x08000968        0x0 /tmp/ccY6fqQX.o

.data           0x20000000        0x0 load address 0x08000968
                0x20000000                        . = ALIGN (0x4)
                0x20000000                        _sdata = .
                0x20000000                        _data = .
 *(.data)
 *(.data.*)
 *(.RAMtext)
                0x20000000                        . = ALIGN (0x4)
                0x20000000                        _edata = .

.igot.plt       0x20000000        0x0
 .igot.plt      0x20000000        0x0 /tmp/ccY6fqQX.o

.bss            0x20000000        0x8
                0x20000000                        . = ALIGN (0x4)
                0x20000000                        _sbss = .
                0x20000000                        _bss = .
 *(.bss)
 *(.bss.*)
 .bss.GPIO_InitStructure
                0x20000000        0x8 /tmp/ccVVH8Pn.o
                0x20000000                GPIO_InitStructure
 *(COMMON)
                0x20000008                        . = ALIGN (0x4)
                0x20000008                        _ebss = .
                0x20000008                        PROVIDE (end = _ebss)
                [!provide]                        PROVIDE (_end = _ebss)
                0x20000008                        __exidx_start = .
                0x20000008                        __exidx_end = .

/DISCARD/
 libc.a(*)
 libm.a(*)
 libgcc.a(*)

.stab
 *(.stab)

.stabstr
 *(.stabstr)

.stab.excl
 *(.stab.excl)

.stab.exclstr
 *(.stab.exclstr)

.stab.index
 *(.stab.index)

.stab.indexstr
 *(.stab.indexstr)

.comment        0x00000000       0x37
 *(.comment)
 .comment       0x00000000       0x37 /tmp/ccKn4XHJ.o
                                 0x38 (size before relaxing)
 .comment       0x00000037       0x38 /tmp/ccf0iEMq.o
 .comment       0x00000037       0x38 /tmp/ccVVH8Pn.o
 .comment       0x00000037       0x38 libraries/lib-mcu/libstm32l1.a(stm32l1xx_gpio.o)
 .comment       0x00000037       0x38 libraries/lib-mcu/libstm32l1.a(stm32l1xx_rcc.o)
 .comment       0x00000037       0x38 /home/mikhail/bin/arm-cortexm3-eabi/lib/gcc/arm-cortexm3-eabi/13.2.0/../../../../arm-cortexm3-eabi/lib/libg.a(libc_a-init.o)

.ARM.attributes
                0x00000000       0x29
 .ARM.attributes
                0x00000000       0x1d /home/mikhail/bin/arm-cortexm3-eabi/lib/gcc/arm-cortexm3-eabi/13.2.0/crti.o
 .ARM.attributes
                0x0000001d       0x21 /tmp/ccY6fqQX.o
 .ARM.attributes
                0x0000003e       0x2d /tmp/ccKn4XHJ.o
 .ARM.attributes
                0x0000006b       0x2d /tmp/ccf0iEMq.o
 .ARM.attributes
                0x00000098       0x2d /tmp/ccVVH8Pn.o
 .ARM.attributes
                0x000000c5       0x2d libraries/lib-mcu/libstm32l1.a(stm32l1xx_gpio.o)
 .ARM.attributes
                0x000000f2       0x2d libraries/lib-mcu/libstm32l1.a(stm32l1xx_rcc.o)
 .ARM.attributes
                0x0000011f       0x2d /home/mikhail/bin/arm-cortexm3-eabi/lib/gcc/arm-cortexm3-eabi/13.2.0/../../../../arm-cortexm3-eabi/lib/libg.a(libc_a-init.o)
 .ARM.attributes
                0x0000014c       0x1d /home/mikhail/bin/arm-cortexm3-eabi/lib/gcc/arm-cortexm3-eabi/13.2.0/crtn.o

.debug
 *(.debug)

.line
 *(.line)

.debug_srcinfo
 *(.debug_srcinfo)

.debug_sfnames
 *(.debug_sfnames)

.debug_aranges  0x00000000      0x138
 *(.debug_aranges)
 .debug_aranges
                0x00000000       0x28 /tmp/ccY6fqQX.o
 .debug_aranges
                0x00000028       0x28 /tmp/ccKn4XHJ.o
 .debug_aranges
                0x00000050       0x60 /tmp/ccf0iEMq.o
 .debug_aranges
                0x000000b0       0x28 /tmp/ccVVH8Pn.o
 .debug_aranges
                0x000000d8       0x20 libraries/lib-mcu/libstm32l1.a(stm32l1xx_gpio.o)
 .debug_aranges
                0x000000f8       0x20 libraries/lib-mcu/libstm32l1.a(stm32l1xx_rcc.o)
 .debug_aranges
                0x00000118       0x20 /home/mikhail/bin/arm-cortexm3-eabi/lib/gcc/arm-cortexm3-eabi/13.2.0/../../../../arm-cortexm3-eabi/lib/libg.a(libc_a-init.o)

.debug_pubnames
 *(.debug_pubnames)

.debug_info     0x00000000     0x1da1
 *(.debug_info .gnu.linkonce.wi.*)
 .debug_info    0x00000000       0x30 /tmp/ccY6fqQX.o
 .debug_info    0x00000030      0x59a /tmp/ccKn4XHJ.o
 .debug_info    0x000005ca       0xdd /tmp/ccf0iEMq.o
 .debug_info    0x000006a7      0x357 /tmp/ccVVH8Pn.o
 .debug_info    0x000009fe      0x7e1 libraries/lib-mcu/libstm32l1.a(stm32l1xx_gpio.o)
 .debug_info    0x000011df      0xab7 libraries/lib-mcu/libstm32l1.a(stm32l1xx_rcc.o)
 .debug_info    0x00001c96      0x10b /home/mikhail/bin/arm-cortexm3-eabi/lib/gcc/arm-cortexm3-eabi/13.2.0/../../../../arm-cortexm3-eabi/lib/libg.a(libc_a-init.o)

.debug_abbrev   0x00000000      0x99f
 *(.debug_abbrev)
 .debug_abbrev  0x00000000       0x24 /tmp/ccY6fqQX.o
 .debug_abbrev  0x00000024      0x19b /tmp/ccKn4XHJ.o
 .debug_abbrev  0x000001bf       0x7a /tmp/ccf0iEMq.o
 .debug_abbrev  0x00000239      0x188 /tmp/ccVVH8Pn.o
 .debug_abbrev  0x000003c1      0x24b libraries/lib-mcu/libstm32l1.a(stm32l1xx_gpio.o)
 .debug_abbrev  0x0000060c      0x2ca libraries/lib-mcu/libstm32l1.a(stm32l1xx_rcc.o)
 .debug_abbrev  0x000008d6       0xc9 /home/mikhail/bin/arm-cortexm3-eabi/lib/gcc/arm-cortexm3-eabi/13.2.0/../../../../arm-cortexm3-eabi/lib/libg.a(libc_a-init.o)

.debug_line     0x00000000     0x156c
 *(.debug_line)
 .debug_line    0x00000000       0x76 /tmp/ccY6fqQX.o
 .debug_line    0x00000076      0x40c /tmp/ccKn4XHJ.o
 .debug_line    0x00000482       0xf1 /tmp/ccf0iEMq.o
 .debug_line    0x00000573      0x29a /tmp/ccVVH8Pn.o
 .debug_line    0x0000080d      0x4ad libraries/lib-mcu/libstm32l1.a(stm32l1xx_gpio.o)
 .debug_line    0x00000cba      0x753 libraries/lib-mcu/libstm32l1.a(stm32l1xx_rcc.o)
 .debug_line    0x0000140d      0x15f /home/mikhail/bin/arm-cortexm3-eabi/lib/gcc/arm-cortexm3-eabi/13.2.0/../../../../arm-cortexm3-eabi/lib/libg.a(libc_a-init.o)

.debug_frame    0x00000000      0x51c
 *(.debug_frame)
 .debug_frame   0x00000000       0x38 /tmp/ccKn4XHJ.o
 .debug_frame   0x00000038       0xa0 /tmp/ccf0iEMq.o
 .debug_frame   0x000000d8       0x40 /tmp/ccVVH8Pn.o
 .debug_frame   0x00000118      0x150 libraries/lib-mcu/libstm32l1.a(stm32l1xx_gpio.o)
 .debug_frame   0x00000268      0x288 libraries/lib-mcu/libstm32l1.a(stm32l1xx_rcc.o)
 .debug_frame   0x000004f0       0x2c /home/mikhail/bin/arm-cortexm3-eabi/lib/gcc/arm-cortexm3-eabi/13.2.0/../../../../arm-cortexm3-eabi/lib/libg.a(libc_a-init.o)

.debug_str      0x00000000      0xdfe
 *(.debug_str)
 .debug_str     0x00000000       0x74 /tmp/ccY6fqQX.o
 .debug_str     0x00000074      0x2af /tmp/ccKn4XHJ.o
                                0x34d (size before relaxing)
 .debug_str     0x00000323       0xa3 /tmp/ccf0iEMq.o
                                0x1ee (size before relaxing)
 .debug_str     0x000003c6      0x208 /tmp/ccVVH8Pn.o
                                0x385 (size before relaxing)
 .debug_str     0x000005ce      0x261 libraries/lib-mcu/libstm32l1.a(stm32l1xx_gpio.o)
                                0x4cb (size before relaxing)
 .debug_str     0x0000082f      0x443 libraries/lib-mcu/libstm32l1.a(stm32l1xx_rcc.o)
                                0x6ec (size before relaxing)
 .debug_str     0x00000c72      0x18c /home/mikhail/bin/arm-cortexm3-eabi/lib/gcc/arm-cortexm3-eabi/13.2.0/../../../../arm-cortexm3-eabi/lib/libg.a(libc_a-init.o)
                                0x215 (size before relaxing)

.debug_loc
 *(.debug_loc)

.debug_macinfo
 *(.debug_macinfo)

.debug_weaknames
 *(.debug_weaknames)

.debug_funcnames
 *(.debug_funcnames)

.debug_typenames
 *(.debug_typenames)

.debug_varnames
 *(.debug_varnames)
OUTPUT(main.elf elf32-littlearm)
LOAD linker stubs
LOAD /home/mikhail/bin/arm-cortexm3-eabi/lib/gcc/arm-cortexm3-eabi/13.2.0/../../../../arm-cortexm3-eabi/lib/libc.a
LOAD /home/mikhail/bin/arm-cortexm3-eabi/lib/gcc/arm-cortexm3-eabi/13.2.0/../../../../arm-cortexm3-eabi/lib/libm.a
LOAD /home/mikhail/bin/arm-cortexm3-eabi/lib/gcc/arm-cortexm3-eabi/13.2.0/libgcc.a

.debug_line_str
                0x00000000       0x5a
 .debug_line_str
                0x00000000       0x5a /tmp/ccY6fqQX.o

.debug_rnglists
                0x00000000       0xa8
 .debug_rnglists
                0x00000000       0x19 /tmp/ccY6fqQX.o
 .debug_rnglists
                0x00000019       0x1a /tmp/ccKn4XHJ.o
 .debug_rnglists
                0x00000033       0x43 /tmp/ccf0iEMq.o
 .debug_rnglists
                0x00000076       0x19 /tmp/ccVVH8Pn.o
 .debug_rnglists
                0x0000008f       0x19 libraries/lib-mcu/libstm32l1.a(stm32l1xx_rcc.o)

.debug_loclists
                0x00000000      0x80c
 .debug_loclists
                0x00000000       0xea /tmp/ccKn4XHJ.o
 .debug_loclists
                0x000000ea      0x33e libraries/lib-mcu/libstm32l1.a(stm32l1xx_gpio.o)
 .debug_loclists
                0x00000428      0x3ba libraries/lib-mcu/libstm32l1.a(stm32l1xx_rcc.o)
 .debug_loclists
                0x000007e2       0x2a /home/mikhail/bin/arm-cortexm3-eabi/lib/gcc/arm-cortexm3-eabi/13.2.0/../../../../arm-cortexm3-eabi/lib/libg.a(libc_a-init.o)
