Archive member included to satisfy reference by file (symbol)

libraries/lib-board/libstm32l1b.a(stm32l152_eval.o)
                              /tmp/ccX8lPfw.o (STM_EVAL_LEDInit)
libraries/lib-mcu/libstm32l1.a(misc.o)
                              libraries/lib-board/libstm32l1b.a(stm32l152_eval.o) (NVIC_Init)
libraries/lib-mcu/libstm32l1.a(stm32l1xx_dma.o)
                              libraries/lib-board/libstm32l1b.a(stm32l152_eval.o) (DMA_DeInit)
libraries/lib-mcu/libstm32l1.a(stm32l1xx_exti.o)
                              libraries/lib-board/libstm32l1b.a(stm32l152_eval.o) (EXTI_Init)
libraries/lib-mcu/libstm32l1.a(stm32l1xx_gpio.o)
                              libraries/lib-board/libstm32l1b.a(stm32l152_eval.o) (GPIO_Init)
libraries/lib-mcu/libstm32l1.a(stm32l1xx_i2c.o)
                              libraries/lib-board/libstm32l1b.a(stm32l152_eval.o) (I2C_DeInit)
libraries/lib-mcu/libstm32l1.a(stm32l1xx_rcc.o)
                              libraries/lib-mcu/libstm32l1.a(stm32l1xx_i2c.o) (RCC_GetClocksFreq)
libraries/lib-mcu/libstm32l1.a(stm32l1xx_spi.o)
                              libraries/lib-board/libstm32l1b.a(stm32l152_eval.o) (SPI_I2S_DeInit)
libraries/lib-mcu/libstm32l1.a(stm32l1xx_syscfg.o)
                              libraries/lib-board/libstm32l1b.a(stm32l152_eval.o) (SYSCFG_EXTILineConfig)
libraries/lib-mcu/libstm32l1.a(stm32l1xx_usart.o)
                              libraries/lib-board/libstm32l1b.a(stm32l152_eval.o) (USART_Init)
/home/mikhail/bin/arm-cortexm3-eabi/lib/gcc/arm-cortexm3-eabi/13.2.0/../../../../arm-cortexm3-eabi/lib/libg.a(libc_a-atexit.o)
                              /home/mikhail/bin/arm-cortexm3-eabi/lib/gcc/arm-cortexm3-eabi/13.2.0/../../../../arm-cortexm3-eabi/lib/crt0.o (atexit)
/home/mikhail/bin/arm-cortexm3-eabi/lib/gcc/arm-cortexm3-eabi/13.2.0/../../../../arm-cortexm3-eabi/lib/libg.a(libc_a-exit.o)
                              /home/mikhail/bin/arm-cortexm3-eabi/lib/gcc/arm-cortexm3-eabi/13.2.0/../../../../arm-cortexm3-eabi/lib/crt0.o (exit)
/home/mikhail/bin/arm-cortexm3-eabi/lib/gcc/arm-cortexm3-eabi/13.2.0/../../../../arm-cortexm3-eabi/lib/libg.a(libc_a-findfp.o)
                              /home/mikhail/bin/arm-cortexm3-eabi/lib/gcc/arm-cortexm3-eabi/13.2.0/../../../../arm-cortexm3-eabi/lib/libg.a(libc_a-exit.o) (__stdio_exit_handler)
/home/mikhail/bin/arm-cortexm3-eabi/lib/gcc/arm-cortexm3-eabi/13.2.0/../../../../arm-cortexm3-eabi/lib/libg.a(libc_a-fwalk.o)
                              /home/mikhail/bin/arm-cortexm3-eabi/lib/gcc/arm-cortexm3-eabi/13.2.0/../../../../arm-cortexm3-eabi/lib/libg.a(libc_a-findfp.o) (_fwalk_sglue)
/home/mikhail/bin/arm-cortexm3-eabi/lib/gcc/arm-cortexm3-eabi/13.2.0/../../../../arm-cortexm3-eabi/lib/libg.a(libc_a-stdio.o)
                              /home/mikhail/bin/arm-cortexm3-eabi/lib/gcc/arm-cortexm3-eabi/13.2.0/../../../../arm-cortexm3-eabi/lib/libg.a(libc_a-findfp.o) (__sread)
/home/mikhail/bin/arm-cortexm3-eabi/lib/gcc/arm-cortexm3-eabi/13.2.0/../../../../arm-cortexm3-eabi/lib/libg.a(libc_a-memset.o)
                              /home/mikhail/bin/arm-cortexm3-eabi/lib/gcc/arm-cortexm3-eabi/13.2.0/../../../../arm-cortexm3-eabi/lib/crt0.o (memset)
/home/mikhail/bin/arm-cortexm3-eabi/lib/gcc/arm-cortexm3-eabi/13.2.0/../../../../arm-cortexm3-eabi/lib/libg.a(libc_a-closer.o)
                              /home/mikhail/bin/arm-cortexm3-eabi/lib/gcc/arm-cortexm3-eabi/13.2.0/../../../../arm-cortexm3-eabi/lib/libg.a(libc_a-stdio.o) (_close_r)
/home/mikhail/bin/arm-cortexm3-eabi/lib/gcc/arm-cortexm3-eabi/13.2.0/../../../../arm-cortexm3-eabi/lib/libg.a(libc_a-reent.o)
                              /home/mikhail/bin/arm-cortexm3-eabi/lib/gcc/arm-cortexm3-eabi/13.2.0/../../../../arm-cortexm3-eabi/lib/libg.a(libc_a-closer.o) (errno)
/home/mikhail/bin/arm-cortexm3-eabi/lib/gcc/arm-cortexm3-eabi/13.2.0/../../../../arm-cortexm3-eabi/lib/libg.a(libc_a-impure.o)
                              /home/mikhail/bin/arm-cortexm3-eabi/lib/gcc/arm-cortexm3-eabi/13.2.0/../../../../arm-cortexm3-eabi/lib/libg.a(libc_a-reent.o) (_impure_ptr)
/home/mikhail/bin/arm-cortexm3-eabi/lib/gcc/arm-cortexm3-eabi/13.2.0/../../../../arm-cortexm3-eabi/lib/libg.a(libc_a-lseekr.o)
                              /home/mikhail/bin/arm-cortexm3-eabi/lib/gcc/arm-cortexm3-eabi/13.2.0/../../../../arm-cortexm3-eabi/lib/libg.a(libc_a-stdio.o) (_lseek_r)
/home/mikhail/bin/arm-cortexm3-eabi/lib/gcc/arm-cortexm3-eabi/13.2.0/../../../../arm-cortexm3-eabi/lib/libg.a(libc_a-readr.o)
                              /home/mikhail/bin/arm-cortexm3-eabi/lib/gcc/arm-cortexm3-eabi/13.2.0/../../../../arm-cortexm3-eabi/lib/libg.a(libc_a-stdio.o) (_read_r)
/home/mikhail/bin/arm-cortexm3-eabi/lib/gcc/arm-cortexm3-eabi/13.2.0/../../../../arm-cortexm3-eabi/lib/libg.a(libc_a-writer.o)
                              /home/mikhail/bin/arm-cortexm3-eabi/lib/gcc/arm-cortexm3-eabi/13.2.0/../../../../arm-cortexm3-eabi/lib/libg.a(libc_a-stdio.o) (_write_r)
[...]
Memory Configuration

Name             Origin             Length             Attributes
FLASH            0x08000000         0x00010000         xr
RAM              0x20000000         0x00002000         xrw
*default*        0x00000000         0xffffffff

Linker script and memory map

LOAD /home/mikhail/bin/arm-cortexm3-eabi/lib/gcc/arm-cortexm3-eabi/13.2.0/crti.o
LOAD /home/mikhail/bin/arm-cortexm3-eabi/lib/gcc/arm-cortexm3-eabi/13.2.0/crtbegin.o
LOAD /home/mikhail/bin/arm-cortexm3-eabi/lib/gcc/arm-cortexm3-eabi/13.2.0/../../../../arm-cortexm3-eabi/lib/crt0.o
LOAD /tmp/ccjNAgLg.o
LOAD /tmp/cc9j2Aeb.o
LOAD /tmp/ccXb8Lvg.o
LOAD /tmp/ccX8lPfw.o
LOAD libraries/lib-board/libstm32l1b.a
LOAD libraries/lib-mcu/libstm32l1.a
START GROUP
LOAD /home/mikhail/bin/arm-cortexm3-eabi/lib/gcc/arm-cortexm3-eabi/13.2.0/libgcc.a
LOAD /home/mikhail/bin/arm-cortexm3-eabi/lib/gcc/arm-cortexm3-eabi/13.2.0/../../../../arm-cortexm3-eabi/lib/libg.a
LOAD /home/mikhail/bin/arm-cortexm3-eabi/lib/gcc/arm-cortexm3-eabi/13.2.0/../../../../arm-cortexm3-eabi/lib/libc.a
END GROUP
LOAD /home/mikhail/bin/arm-cortexm3-eabi/lib/gcc/arm-cortexm3-eabi/13.2.0/crtend.o
LOAD /home/mikhail/bin/arm-cortexm3-eabi/lib/gcc/arm-cortexm3-eabi/13.2.0/crtn.o
                0x20002000                        _estack = 0x20002000

.isr_vector     0x08000000      0x13c
                0x08000000                        . = ALIGN (0x4)
 *(.isr_vector)
 .isr_vector    0x08000000      0x13c /tmp/ccjNAgLg.o
                0x08000000                g_pfnVectors
                0x0800013c                        . = ALIGN (0x4)

.text           0x0800013c     0x1f88
                0x0800013c                        . = ALIGN (0x4)
 *(.text)
 .text          0x0800013c      0x5d4 libraries/lib-board/libstm32l1b.a(stm32l152_eval.o)
                0x0800013c                STM_EVAL_LEDInit
                0x0800017c                STM_EVAL_LEDOn
                0x08000198                STM_EVAL_LEDOff
                0x080001b4                STM_EVAL_LEDToggle
                0x080001d4                STM_EVAL_PBInit
                0x0800027c                STM_EVAL_PBGetState
                0x0800029c                STM_EVAL_COMInit
                0x0800032c                SD_LowLevel_DeInit
                0x080003ac                SD_LowLevel_Init
                0x08000480                LM75_LowLevel_DeInit
                0x080004d8                LM75_LowLevel_Init
                0x08000544                sEE_LowLevel_DeInit
                0x080005d4                sEE_LowLevel_Init
                0x080006d8                sEE_LowLevel_DMAConfig
 .text          0x08000710       0xb8 libraries/lib-mcu/libstm32l1.a(misc.o)
                0x08000710                NVIC_PriorityGroupConfig
                0x08000724                NVIC_Init
                0x08000784                NVIC_SetVectorTable
                0x08000798                NVIC_SystemLPConfig
                0x080007b0                SysTick_CLKSourceConfig
 .text          0x080007c8      0x218 libraries/lib-mcu/libstm32l1.a(stm32l1xx_dma.o)
                0x080007c8                DMA_DeInit
                0x080008f0                DMA_Init
                0x0800092c                DMA_StructInit
                0x08000948                DMA_Cmd
                0x08000960                DMA_SetCurrDataCounter
                0x08000964                DMA_GetCurrDataCounter
                0x0800096c                DMA_ITConfig
                0x08000980                DMA_GetFlagStatus
                0x0800099c                DMA_ClearFlag
                0x080009b0                DMA_GetITStatus
                0x080009cc                DMA_ClearITPendingBit
 .text          0x080009e0       0xe8 libraries/lib-mcu/libstm32l1.a(stm32l1xx_exti.o)
                0x080009e0                EXTI_DeInit
                0x080009f8                EXTI_Init
                0x08000a68                EXTI_StructInit
                0x08000a78                EXTI_GenerateSWInterrupt
                0x08000a88                EXTI_GetFlagStatus
                0x08000a9c                EXTI_ClearFlag
                0x08000aa8                EXTI_GetITStatus
                0x08000abc                EXTI_ClearITPendingBit
 .text          0x08000ac8      0x22c libraries/lib-mcu/libstm32l1.a(stm32l1xx_gpio.o)
                0x08000ac8                GPIO_DeInit
                0x08000bbc                GPIO_Init
                0x08000c50                GPIO_StructInit
                0x08000c5c                GPIO_PinLockConfig
                0x08000c80                GPIO_ReadInputDataBit
                0x08000c8c                GPIO_ReadInputData
                0x08000c94                GPIO_ReadOutputDataBit
                0x08000ca0                GPIO_ReadOutputData
                0x08000ca8                GPIO_SetBits
                0x08000cac                GPIO_ResetBits
                0x08000cb0                GPIO_WriteBit
                0x08000cbc                GPIO_Write
                0x08000cc0                GPIO_ToggleBits
                0x08000ccc                GPIO_PinAFConfig
 .text          0x08000cf4      0x41c libraries/lib-mcu/libstm32l1.a(stm32l1xx_i2c.o)
                0x08000cf4                I2C_DeInit
                0x08000d30                I2C_Init
                0x08000e0c                I2C_StructInit
                0x08000e2c                I2C_Cmd
                0x08000e48                I2C_GenerateSTART
                0x08000e64                I2C_GenerateSTOP
                0x08000e80                I2C_AcknowledgeConfig
                0x08000e9c                I2C_OwnAddress2Config
                0x08000eb0                I2C_DualAddressCmd
                0x08000ecc                I2C_GeneralCallCmd
                0x08000ee8                I2C_SoftwareResetCmd
                0x08000f04                I2C_SMBusAlertConfig
                0x08000f24                I2C_ARPCmd
                0x08000f40                I2C_StretchClockCmd
                0x08000f5c                I2C_FastModeDutyCycleConfig
                0x08000f7c                I2C_Send7bitAddress
                0x08000f90                I2C_SendData
                0x08000f94                I2C_ReceiveData
                0x08000f9c                I2C_NACKPositionConfig
                0x08000fbc                I2C_TransmitPEC
                0x08000fd8                I2C_PECPositionConfig
                0x08000ff8                I2C_CalculatePEC
                0x08001014                I2C_GetPEC
                0x0800101c                I2C_DMACmd
                0x08001038                I2C_DMALastTransferCmd
                0x08001054                I2C_ReadRegister
                0x0800106c                I2C_ITConfig
                0x08001080                I2C_CheckEvent
                0x0800109c                I2C_GetLastEvent
                0x080010ac                I2C_GetFlagStatus
                0x080010e4                I2C_ClearFlag
                0x080010ec                I2C_GetITStatus
                0x08001108                I2C_ClearITPendingBit
 .text          0x08001110      0x3c0 libraries/lib-mcu/libstm32l1.a(stm32l1xx_rcc.o)
                0x08001110                RCC_DeInit
                0x0800114c                RCC_HSEConfig
                0x0800115c                RCC_WaitForHSEStartUp
                0x08001190                RCC_AdjustMSICalibrationValue
                0x0800119c                RCC_MSIRangeConfig
                0x080011b0                RCC_MSICmd
                0x080011bc                RCC_AdjustHSICalibrationValue
                0x080011d0                RCC_HSICmd
                0x080011dc                RCC_LSEConfig
                0x080011f0                RCC_LSICmd
                0x080011fc                RCC_PLLConfig
                0x0800120c                RCC_PLLCmd
                0x08001218                RCC_ClockSecuritySystemCmd
                0x08001224                RCC_LSEClockSecuritySystemCmd
                0x08001230                RCC_MCOConfig
                0x0800123c                RCC_SYSCLKConfig
                0x08001250                RCC_GetSYSCLKSource
                0x08001260                RCC_HCLKConfig
                0x08001274                RCC_PCLK1Config
                0x08001288                RCC_PCLK2Config
                0x0800129c                RCC_GetClocksFreq
                0x08001348                RCC_RTCCLKConfig
                0x08001378                RCC_RTCCLKCmd
                0x08001384                RCC_RTCResetCmd
                0x08001390                RCC_AHBPeriphClockCmd
                0x080013a8                RCC_APB2PeriphClockCmd
                0x080013c0                RCC_APB1PeriphClockCmd
                0x080013d8                RCC_AHBPeriphResetCmd
                0x080013f0                RCC_APB2PeriphResetCmd
                0x08001408                RCC_APB1PeriphResetCmd
                0x08001420                RCC_AHBPeriphClockLPModeCmd
                0x08001438                RCC_APB2PeriphClockLPModeCmd
                0x08001450                RCC_APB1PeriphClockLPModeCmd
                0x08001468                RCC_ITConfig
                0x08001480                RCC_GetFlagStatus
                0x080014a0                RCC_ClearFlag
                0x080014b0                RCC_GetITStatus
                0x080014c4                RCC_ClearITPendingBit
 .text          0x080014d0      0x300 libraries/lib-mcu/libstm32l1.a(stm32l1xx_spi.o)
                0x080014d0                SPI_I2S_DeInit
                0x0800153c                SPI_Init
                0x08001590                I2S_Init
                0x0800163c                SPI_StructInit
                0x0800164c                I2S_StructInit
                0x0800165c                SPI_Cmd
                0x08001678                I2S_Cmd
                0x08001694                SPI_DataSizeConfig
                0x080016ac                SPI_BiDirectionalLineConfig
                0x080016cc                SPI_NSSInternalSoftwareConfig
                0x080016ec                SPI_SSOutputCmd
                0x08001708                SPI_I2S_ReceiveData
                0x08001710                SPI_I2S_SendData
                0x08001714                SPI_CalculateCRC
                0x08001730                SPI_TransmitCRC
                0x0800173c                SPI_GetCRC
                0x08001748                SPI_GetCRCPolynomial
                0x08001750                SPI_I2S_DMACmd
                0x08001764                SPI_I2S_ITConfig
                0x08001784                SPI_I2S_GetFlagStatus
                0x08001790                SPI_I2S_ClearFlag
                0x08001798                SPI_I2S_GetITStatus
                0x080017c0                SPI_I2S_ClearITPendingBit
 .text          0x080017d0      0x250 libraries/lib-mcu/libstm32l1.a(stm32l1xx_syscfg.o)
                0x080017d0                SYSCFG_DeInit
                0x080017e8                SYSCFG_RIDeInit
                0x08001800                SYSCFG_MemoryRemapConfig
                0x0800180c                SYSCFG_GetBootMode
                0x0800181c                SYSCFG_USBPuCmd
                0x08001838                SYSCFG_EXTILineConfig
                0x08001864                SYSCFG_RITIMSelect
                0x08001878                SYSCFG_RITIMInputCaptureConfig
                0x080018bc                SYSCFG_RIResistorConfig
                0x080018dc                SYSCFG_RIChannelSpeedConfig
                0x080018fc                SYSCFG_RIIOSwitchConfig
                0x08001934                SYSCFG_RISwitchControlModeCmd
                0x08001950                SYSCFG_RIHysteresisConfig
 .text          0x08001a20      0x3fc libraries/lib-mcu/libstm32l1.a(stm32l1xx_usart.o)
                0x08001a20                USART_DeInit
                0x08001ad0                USART_Init
                0x08001b88                USART_StructInit
                0x08001b9c                USART_ClockInit
                0x08001bc8                USART_ClockStructInit
                0x08001bd0                USART_Cmd
                0x08001bec                USART_SetPrescaler
                0x08001c00                USART_OverSampling8Cmd
                0x08001c1c                USART_OneBitMethodCmd
                0x08001c38                USART_SendData
                0x08001c40                USART_ReceiveData
                0x08001c48                USART_SetAddress
                0x08001c60                USART_ReceiverWakeUpCmd
                0x08001c7c                USART_WakeUpConfig
                0x08001c94                USART_LINBreakDetectLengthConfig
                0x08001cac                USART_LINCmd
                0x08001cc8                USART_SendBreak
                0x08001cd4                USART_HalfDuplexCmd
                0x08001cf0                USART_SetGuardTime
                0x08001d04                USART_SmartCardCmd
                0x08001d20                USART_SmartCardNACKCmd
                0x08001d3c                USART_IrDAConfig
                0x08001d54                USART_IrDACmd
                0x08001d70                USART_DMACmd
                0x08001d84                USART_ITConfig
                0x08001db8                USART_GetFlagStatus
                0x08001dc4                USART_ClearFlag
                0x08001dcc                USART_GetITStatus
                0x08001e0c                USART_ClearITPendingBit
 .text          0x08001e1c       0x48 /home/mikhail/bin/arm-cortexm3-eabi/lib/gcc/arm-cortexm3-eabi/13.2.0/../../../../arm-cortexm3-eabi/lib/libg.a(libc_a-init.o)
                0x08001e1c                __libc_init_array
 *(.text.*)
 .text.Reset_Handler
                0x08001e64       0x48 /tmp/ccjNAgLg.o
                0x08001e64                Reset_Handler
 .text.Default_Handler
                0x08001eac        0x2 /tmp/ccjNAgLg.o
                0x08001eac                RTC_Alarm_IRQHandler
                0x08001eac                EXTI2_IRQHandler
                0x08001eac                COMP_ACQ_IRQHandler
                0x08001eac                TIM10_IRQHandler
                0x08001eac                USB_HP_IRQHandler
                0x08001eac                TIM6_IRQHandler
                0x08001eac                PVD_IRQHandler
                0x08001eac                SDIO_IRQHandler
                0x08001eac                EXTI3_IRQHandler
                0x08001eac                EXTI0_IRQHandler
                0x08001eac                I2C2_EV_IRQHandler
                0x08001eac                SPI1_IRQHandler
                0x08001eac                USB_FS_WKUP_IRQHandler
                0x08001eac                DMA2_Channel2_IRQHandler
                0x08001eac                DMA1_Channel4_IRQHandler
                0x08001eac                ADC1_IRQHandler
                0x08001eac                USART3_IRQHandler
                0x08001eac                DMA1_Channel7_IRQHandler
                0x08001eac                LCD_IRQHandler
                0x08001eac                UART5_IRQHandler
                0x08001eac                TIM4_IRQHandler
                0x08001eac                DMA2_Channel1_IRQHandler
                0x08001eac                I2C1_EV_IRQHandler
                0x08001eac                DMA1_Channel6_IRQHandler
                0x08001eac                UART4_IRQHandler
                0x08001eac                DMA2_Channel4_IRQHandler
                0x08001eac                TIM3_IRQHandler
                0x08001eac                RCC_IRQHandler
                0x08001eac                DMA1_Channel1_IRQHandler
                0x08001eac                Default_Handler
                0x08001eac                EXTI15_10_IRQHandler
                0x08001eac                TIM7_IRQHandler
                0x08001eac                TIM5_IRQHandler
                0x08001eac                EXTI9_5_IRQHandler
                0x08001eac                TIM9_IRQHandler
                0x08001eac                TAMPER_STAMP_IRQHandler
                0x08001eac                RTC_WKUP_IRQHandler
                0x08001eac                SPI2_IRQHandler
                0x08001eac                DMA2_Channel5_IRQHandler
                0x08001eac                DMA1_Channel5_IRQHandler
                0x08001eac                USB_LP_IRQHandler
                0x08001eac                EXTI4_IRQHandler
                0x08001eac                DMA1_Channel3_IRQHandler
                0x08001eac                COMP_IRQHandler
                0x08001eac                WWDG_IRQHandler
                0x08001eac                TIM2_IRQHandler
                0x08001eac                DAC_IRQHandler
                0x08001eac                EXTI1_IRQHandler
                0x08001eac                AES_IRQHandler
                0x08001eac                TIM11_IRQHandler
                0x08001eac                USART2_IRQHandler
                0x08001eac                I2C2_ER_IRQHandler
                0x08001eac                DMA1_Channel2_IRQHandler
                0x08001eac                FLASH_IRQHandler
                0x08001eac                USART1_IRQHandler
                0x08001eac                SPI3_IRQHandler
                0x08001eac                I2C1_ER_IRQHandler
                0x08001eac                DMA2_Channel3_IRQHandler
 *fill*         0x08001eae        0x2 
 .text.SystemInit
                0x08001eb0      0x110 /tmp/cc9j2Aeb.o
                0x08001eb0                SystemInit
 .text.NMI_Handler
                0x08001fc0        0x2 /tmp/ccXb8Lvg.o
                0x08001fc0                NMI_Handler
 .text.HardFault_Handler
                0x08001fc2        0x2 /tmp/ccXb8Lvg.o
                0x08001fc2                HardFault_Handler
 .text.MemManage_Handler
                0x08001fc4        0x2 /tmp/ccXb8Lvg.o
                0x08001fc4                MemManage_Handler
 .text.BusFault_Handler
                0x08001fc6        0x2 /tmp/ccXb8Lvg.o
                0x08001fc6                BusFault_Handler
 .text.UsageFault_Handler
                0x08001fc8        0x2 /tmp/ccXb8Lvg.o
                0x08001fc8                UsageFault_Handler
 .text.SVC_Handler
                0x08001fca        0x2 /tmp/ccXb8Lvg.o
                0x08001fca                SVC_Handler
 .text.DebugMon_Handler
                0x08001fcc        0x2 /tmp/ccXb8Lvg.o
                0x08001fcc                DebugMon_Handler
 .text.PendSV_Handler
                0x08001fce        0x2 /tmp/ccXb8Lvg.o
                0x08001fce                PendSV_Handler
 .text.SysTick_Handler
                0x08001fd0        0x4 /tmp/ccXb8Lvg.o
                0x08001fd0                SysTick_Handler
 .text.startup.main
                0x08001fd4       0x16 /tmp/ccX8lPfw.o
                0x08001fd4                main
 *fill*         0x08001fea        0x2 
 .text.TimingDelay_Decrement
                0x08001fec       0x14 /tmp/ccX8lPfw.o
                0x08001fec                TimingDelay_Decrement
 *(.rodata)
 .rodata        0x08002000       0x90 libraries/lib-board/libstm32l1b.a(stm32l152_eval.o)
                0x08002000                GPIO_CLK
                0x08002010                GPIO_PIN
                0x08002018                BUTTON_CLK
                0x08002030                BUTTON_PIN
                0x0800203c                BUTTON_PIN_SOURCE
                0x08002044                BUTTON_PORT_SOURCE
                0x0800204c                BUTTON_EXTI_LINE
                0x08002058                BUTTON_IRQn
                0x08002060                COM_TX_PORT_CLK
                0x08002068                COM_RX_PORT_CLK
                0x08002070                COM_USART_CLK
                0x08002078                COM_TX_AF
                0x0800207c                COM_TX_PIN_SOURCE
                0x08002080                COM_RX_AF
                0x08002084                COM_RX_PIN_SOURCE
                0x08002088                COM_TX_PIN
                0x0800208c                COM_RX_PIN
 .rodata        0x08002090       0x1c libraries/lib-mcu/libstm32l1.a(stm32l1xx_rcc.o)
 *(.rodata*)
 *(.glue_7)
 .glue_7        0x080020ac        0x0 linker stubs
 *(.glue_7t)
 .glue_7t       0x080020ac        0x0 linker stubs
 *(.init)
 .init          0x080020ac        0x4 /home/mikhail/bin/arm-cortexm3-eabi/lib/gcc/arm-cortexm3-eabi/13.2.0/crti.o
                0x080020ac                _init
 .init          0x080020b0        0x8 /home/mikhail/bin/arm-cortexm3-eabi/lib/gcc/arm-cortexm3-eabi/13.2.0/crtn.o
 *(.fini)
 .fini          0x080020b8        0x4 /home/mikhail/bin/arm-cortexm3-eabi/lib/gcc/arm-cortexm3-eabi/13.2.0/crti.o
                0x080020b8                _fini
 .fini          0x080020bc        0x8 /home/mikhail/bin/arm-cortexm3-eabi/lib/gcc/arm-cortexm3-eabi/13.2.0/crtn.o
                0x080020c4                        . = ALIGN (0x4)
                0x080020c4                        _etext = .
                0x080020c4                        _sidata = _etext

.vfp11_veneer   0x080020c4        0x0
 .vfp11_veneer  0x080020c4        0x0 linker stubs

.v4_bx          0x080020c4        0x0
 .v4_bx         0x080020c4        0x0 linker stubs

.iplt           0x080020c4        0x0
 .iplt          0x080020c4        0x0 /tmp/ccjNAgLg.o

.rel.dyn        0x080020c4        0x0
 .rel.iplt      0x080020c4        0x0 /tmp/ccjNAgLg.o

.data           0x20000000       0x40 load address 0x080020c4
                0x20000000                        . = ALIGN (0x4)
                0x20000000                        _sdata = .
                0x20000000                        _data = .
 *(.data)
 .data          0x20000000       0x40 libraries/lib-board/libstm32l1b.a(stm32l152_eval.o)
                0x20000000                GPIO_PORT
                0x20000010                BUTTON_PORT
                0x20000028                COM_TX_PORT
                0x20000030                COM_RX_PORT
                0x20000038                COM_USART
 *(.data.*)
 *(.RAMtext)
                0x20000040                        . = ALIGN (0x4)
                0x20000040                        _edata = .

.igot.plt       0x20000040        0x0 load address 0x08002104
 .igot.plt      0x20000040        0x0 /tmp/ccjNAgLg.o

.bss            0x20000040       0x30 load address 0x08002104
                0x20000040                        . = ALIGN (0x4)
                0x20000040                        _sbss = .
                0x20000040                        _bss = .
 *(.bss)
 .bss           0x20000040       0x2c libraries/lib-board/libstm32l1b.a(stm32l152_eval.o)
                0x20000040                sEEDMA_InitStructure
 *(.bss.*)
 .bss.TimingDelay
                0x2000006c        0x4 /tmp/ccX8lPfw.o
 *(COMMON)
                0x20000070                        . = ALIGN (0x4)
                0x20000070                        _ebss = .
                0x20000070                        PROVIDE (end = _ebss)
                [!provide]                        PROVIDE (_end = _ebss)
                0x20000070                        __exidx_start = .
                0x20000070                        __exidx_end = .

/DISCARD/
 libc.a(*)
 libm.a(*)
 libgcc.a(*)

.stab
 *(.stab)

.stabstr
 *(.stabstr)

.stab.excl
 *(.stab.excl)

.stab.exclstr
 *(.stab.exclstr)

.stab.index
 *(.stab.index)

.stab.indexstr
 *(.stab.indexstr)

.comment        0x00000000       0x37
 *(.comment)
 .comment       0x00000000       0x37 /tmp/cc9j2Aeb.o
                                 0x38 (size before relaxing)
 .comment       0x00000037       0x38 /tmp/ccXb8Lvg.o
 .comment       0x00000037       0x38 /tmp/ccX8lPfw.o
 .comment       0x00000037       0x38 libraries/lib-board/libstm32l1b.a(stm32l152_eval.o)
 .comment       0x00000037       0x38 libraries/lib-mcu/libstm32l1.a(misc.o)
 .comment       0x00000037       0x38 libraries/lib-mcu/libstm32l1.a(stm32l1xx_dma.o)
 .comment       0x00000037       0x38 libraries/lib-mcu/libstm32l1.a(stm32l1xx_exti.o)
 .comment       0x00000037       0x38 libraries/lib-mcu/libstm32l1.a(stm32l1xx_gpio.o)
 .comment       0x00000037       0x38 libraries/lib-mcu/libstm32l1.a(stm32l1xx_i2c.o)
 .comment       0x00000037       0x38 libraries/lib-mcu/libstm32l1.a(stm32l1xx_rcc.o)
 .comment       0x00000037       0x38 libraries/lib-mcu/libstm32l1.a(stm32l1xx_spi.o)
 .comment       0x00000037       0x38 libraries/lib-mcu/libstm32l1.a(stm32l1xx_syscfg.o)
 .comment       0x00000037       0x38 libraries/lib-mcu/libstm32l1.a(stm32l1xx_usart.o)
 .comment       0x00000037       0x38 /home/mikhail/bin/arm-cortexm3-eabi/lib/gcc/arm-cortexm3-eabi/13.2.0/../../../../arm-cortexm3-eabi/lib/libg.a(libc_a-init.o)

.ARM.attributes
                0x00000000       0x29
 .ARM.attributes
                0x00000000       0x1d /home/mikhail/bin/arm-cortexm3-eabi/lib/gcc/arm-cortexm3-eabi/13.2.0/crti.o
 .ARM.attributes
                0x0000001d       0x21 /tmp/ccjNAgLg.o
 .ARM.attributes
                0x0000003e       0x2d /tmp/cc9j2Aeb.o
 .ARM.attributes
                0x0000006b       0x2d /tmp/ccXb8Lvg.o
 .ARM.attributes
                0x00000098       0x2d /tmp/ccX8lPfw.o
 .ARM.attributes
                0x000000c5       0x2d libraries/lib-board/libstm32l1b.a(stm32l152_eval.o)
 .ARM.attributes
                0x000000f2       0x2d libraries/lib-mcu/libstm32l1.a(misc.o)
 .ARM.attributes
                0x0000011f       0x2d libraries/lib-mcu/libstm32l1.a(stm32l1xx_dma.o)
 .ARM.attributes
                0x0000014c       0x2d libraries/lib-mcu/libstm32l1.a(stm32l1xx_exti.o)
 .ARM.attributes
                0x00000179       0x2d libraries/lib-mcu/libstm32l1.a(stm32l1xx_gpio.o)
 .ARM.attributes
                0x000001a6       0x2d libraries/lib-mcu/libstm32l1.a(stm32l1xx_i2c.o)
 .ARM.attributes
                0x000001d3       0x2d libraries/lib-mcu/libstm32l1.a(stm32l1xx_rcc.o)
 .ARM.attributes
                0x00000200       0x2d libraries/lib-mcu/libstm32l1.a(stm32l1xx_spi.o)
 .ARM.attributes
                0x0000022d       0x2d libraries/lib-mcu/libstm32l1.a(stm32l1xx_syscfg.o)
 .ARM.attributes
                0x0000025a       0x2d libraries/lib-mcu/libstm32l1.a(stm32l1xx_usart.o)
 .ARM.attributes
                0x00000287       0x2d /home/mikhail/bin/arm-cortexm3-eabi/lib/gcc/arm-cortexm3-eabi/13.2.0/../../../../arm-cortexm3-eabi/lib/libg.a(libc_a-init.o)
 .ARM.attributes
                0x000002b4       0x1d /home/mikhail/bin/arm-cortexm3-eabi/lib/gcc/arm-cortexm3-eabi/13.2.0/crtn.o

.debug
 *(.debug)

.line
 *(.line)

.debug_srcinfo
 *(.debug_srcinfo)

.debug_sfnames
 *(.debug_sfnames)

.debug_aranges  0x00000000      0x240
 *(.debug_aranges)
 .debug_aranges
                0x00000000       0x28 /tmp/ccjNAgLg.o
 .debug_aranges
                0x00000028       0x28 /tmp/cc9j2Aeb.o
 .debug_aranges
                0x00000050       0x60 /tmp/ccXb8Lvg.o
 .debug_aranges
                0x000000b0       0x30 /tmp/ccX8lPfw.o
 .debug_aranges
                0x000000e0       0x20 libraries/lib-board/libstm32l1b.a(stm32l152_eval.o)
 .debug_aranges
                0x00000100       0x20 libraries/lib-mcu/libstm32l1.a(misc.o)
 .debug_aranges
                0x00000120       0x20 libraries/lib-mcu/libstm32l1.a(stm32l1xx_dma.o)
 .debug_aranges
                0x00000140       0x20 libraries/lib-mcu/libstm32l1.a(stm32l1xx_exti.o)
 .debug_aranges
                0x00000160       0x20 libraries/lib-mcu/libstm32l1.a(stm32l1xx_gpio.o)
 .debug_aranges
                0x00000180       0x20 libraries/lib-mcu/libstm32l1.a(stm32l1xx_i2c.o)
 .debug_aranges
                0x000001a0       0x20 libraries/lib-mcu/libstm32l1.a(stm32l1xx_rcc.o)
 .debug_aranges
                0x000001c0       0x20 libraries/lib-mcu/libstm32l1.a(stm32l1xx_spi.o)
 .debug_aranges
                0x000001e0       0x20 libraries/lib-mcu/libstm32l1.a(stm32l1xx_syscfg.o)
 .debug_aranges
                0x00000200       0x20 libraries/lib-mcu/libstm32l1.a(stm32l1xx_usart.o)
 .debug_aranges
                0x00000220       0x20 /home/mikhail/bin/arm-cortexm3-eabi/lib/gcc/arm-cortexm3-eabi/13.2.0/../../../../arm-cortexm3-eabi/lib/libg.a(libc_a-init.o)

.debug_pubnames
 *(.debug_pubnames)

.debug_info     0x00000000     0x687a
 *(.debug_info .gnu.linkonce.wi.*)
 .debug_info    0x00000000       0x30 /tmp/ccjNAgLg.o
 .debug_info    0x00000030      0x59a /tmp/cc9j2Aeb.o
 .debug_info    0x000005ca       0xff /tmp/ccXb8Lvg.o
 .debug_info    0x000006c9      0x283 /tmp/ccX8lPfw.o
 .debug_info    0x0000094c     0x199a libraries/lib-board/libstm32l1b.a(stm32l152_eval.o)
 .debug_info    0x000022e6      0x4f8 libraries/lib-mcu/libstm32l1.a(misc.o)
 .debug_info    0x000027de      0x439 libraries/lib-mcu/libstm32l1.a(stm32l1xx_dma.o)
 .debug_info    0x00002c17      0x320 libraries/lib-mcu/libstm32l1.a(stm32l1xx_exti.o)
 .debug_info    0x00002f37      0x7e1 libraries/lib-mcu/libstm32l1.a(stm32l1xx_gpio.o)
 .debug_info    0x00003718      0xba4 libraries/lib-mcu/libstm32l1.a(stm32l1xx_i2c.o)
 .debug_info    0x000042bc      0xab7 libraries/lib-mcu/libstm32l1.a(stm32l1xx_rcc.o)
 .debug_info    0x00004d73      0x9df libraries/lib-mcu/libstm32l1.a(stm32l1xx_spi.o)
 .debug_info    0x00005752      0x4f9 libraries/lib-mcu/libstm32l1.a(stm32l1xx_syscfg.o)
 .debug_info    0x00005c4b      0xb24 libraries/lib-mcu/libstm32l1.a(stm32l1xx_usart.o)
 .debug_info    0x0000676f      0x10b /home/mikhail/bin/arm-cortexm3-eabi/lib/gcc/arm-cortexm3-eabi/13.2.0/../../../../arm-cortexm3-eabi/lib/libg.a(libc_a-init.o)

.debug_abbrev   0x00000000     0x1b12
 *(.debug_abbrev)
 .debug_abbrev  0x00000000       0x24 /tmp/ccjNAgLg.o
 .debug_abbrev  0x00000024      0x19b /tmp/cc9j2Aeb.o
 .debug_abbrev  0x000001bf       0xb4 /tmp/ccXb8Lvg.o
 .debug_abbrev  0x00000273      0x13f /tmp/ccX8lPfw.o
 .debug_abbrev  0x000003b2      0x291 libraries/lib-board/libstm32l1b.a(stm32l152_eval.o)
 .debug_abbrev  0x00000643      0x195 libraries/lib-mcu/libstm32l1.a(misc.o)
 .debug_abbrev  0x000007d8      0x235 libraries/lib-mcu/libstm32l1.a(stm32l1xx_dma.o)
 .debug_abbrev  0x00000a0d      0x21e libraries/lib-mcu/libstm32l1.a(stm32l1xx_exti.o)
 .debug_abbrev  0x00000c2b      0x24b libraries/lib-mcu/libstm32l1.a(stm32l1xx_gpio.o)
 .debug_abbrev  0x00000e76      0x2b2 libraries/lib-mcu/libstm32l1.a(stm32l1xx_i2c.o)
 .debug_abbrev  0x00001128      0x2ca libraries/lib-mcu/libstm32l1.a(stm32l1xx_rcc.o)
 .debug_abbrev  0x000013f2      0x23d libraries/lib-mcu/libstm32l1.a(stm32l1xx_spi.o)
 .debug_abbrev  0x0000162f      0x205 libraries/lib-mcu/libstm32l1.a(stm32l1xx_syscfg.o)
 .debug_abbrev  0x00001834      0x215 libraries/lib-mcu/libstm32l1.a(stm32l1xx_usart.o)
 .debug_abbrev  0x00001a49       0xc9 /home/mikhail/bin/arm-cortexm3-eabi/lib/gcc/arm-cortexm3-eabi/13.2.0/../../../../arm-cortexm3-eabi/lib/libg.a(libc_a-init.o)

.debug_line     0x00000000     0x3dfd
 *(.debug_line)
 .debug_line    0x00000000       0x76 /tmp/ccjNAgLg.o
 .debug_line    0x00000076      0x40c /tmp/cc9j2Aeb.o
 .debug_line    0x00000482      0x102 /tmp/ccXb8Lvg.o
 .debug_line    0x00000584      0x1ce /tmp/ccX8lPfw.o
 .debug_line    0x00000752      0x747 libraries/lib-board/libstm32l1b.a(stm32l152_eval.o)
 .debug_line    0x00000e99      0x24d libraries/lib-mcu/libstm32l1.a(misc.o)
 .debug_line    0x000010e6      0x409 libraries/lib-mcu/libstm32l1.a(stm32l1xx_dma.o)
 .debug_line    0x000014ef      0x28e libraries/lib-mcu/libstm32l1.a(stm32l1xx_exti.o)
 .debug_line    0x0000177d      0x4ad libraries/lib-mcu/libstm32l1.a(stm32l1xx_gpio.o)
 .debug_line    0x00001c2a      0x76e libraries/lib-mcu/libstm32l1.a(stm32l1xx_i2c.o)
 .debug_line    0x00002398      0x753 libraries/lib-mcu/libstm32l1.a(stm32l1xx_rcc.o)
 .debug_line    0x00002aeb      0x5c4 libraries/lib-mcu/libstm32l1.a(stm32l1xx_spi.o)
 .debug_line    0x000030af      0x482 libraries/lib-mcu/libstm32l1.a(stm32l1xx_syscfg.o)
 .debug_line    0x00003531      0x76d libraries/lib-mcu/libstm32l1.a(stm32l1xx_usart.o)
 .debug_line    0x00003c9e      0x15f /home/mikhail/bin/arm-cortexm3-eabi/lib/gcc/arm-cortexm3-eabi/13.2.0/../../../../arm-cortexm3-eabi/lib/libg.a(libc_a-init.o)

.debug_frame    0x00000000     0x100c
 *(.debug_frame)
 .debug_frame   0x00000000       0x38 /tmp/cc9j2Aeb.o
 .debug_frame   0x00000038       0xa0 /tmp/ccXb8Lvg.o
 .debug_frame   0x000000d8       0x50 /tmp/ccX8lPfw.o
 .debug_frame   0x00000128      0x1bc libraries/lib-board/libstm32l1b.a(stm32l152_eval.o)
 .debug_frame   0x000002e4       0x6c libraries/lib-mcu/libstm32l1.a(misc.o)
 .debug_frame   0x00000350       0xcc libraries/lib-mcu/libstm32l1.a(stm32l1xx_dma.o)
 .debug_frame   0x0000041c       0xac libraries/lib-mcu/libstm32l1.a(stm32l1xx_exti.o)
 .debug_frame   0x000004c8      0x150 libraries/lib-mcu/libstm32l1.a(stm32l1xx_gpio.o)
 .debug_frame   0x00000618      0x26c libraries/lib-mcu/libstm32l1.a(stm32l1xx_i2c.o)
 .debug_frame   0x00000884      0x288 libraries/lib-mcu/libstm32l1.a(stm32l1xx_rcc.o)
 .debug_frame   0x00000b0c      0x1bc libraries/lib-mcu/libstm32l1.a(stm32l1xx_spi.o)
 .debug_frame   0x00000cc8       0xec libraries/lib-mcu/libstm32l1.a(stm32l1xx_syscfg.o)
 .debug_frame   0x00000db4      0x22c libraries/lib-mcu/libstm32l1.a(stm32l1xx_usart.o)
 .debug_frame   0x00000fe0       0x2c /home/mikhail/bin/arm-cortexm3-eabi/lib/gcc/arm-cortexm3-eabi/13.2.0/../../../../arm-cortexm3-eabi/lib/libg.a(libc_a-init.o)

.debug_str      0x00000000     0x281c
 *(.debug_str)
 .debug_str     0x00000000       0x74 /tmp/ccjNAgLg.o
 .debug_str     0x00000074      0x2aa /tmp/cc9j2Aeb.o
                                0x34d (size before relaxing)
 .debug_str     0x0000031e       0xb9 /tmp/ccXb8Lvg.o
                                0x204 (size before relaxing)
 .debug_str     0x000003d7      0x1c1 /tmp/ccX8lPfw.o
                                0x33c (size before relaxing)
 .debug_str     0x00000598      0xbe5 libraries/lib-board/libstm32l1b.a(stm32l152_eval.o)
                                0xe46 (size before relaxing)
 .debug_str     0x0000117d      0x194 libraries/lib-mcu/libstm32l1.a(misc.o)
                                0x3b6 (size before relaxing)
 .debug_str     0x00001311      0x115 libraries/lib-mcu/libstm32l1.a(stm32l1xx_dma.o)
                                0x3ae (size before relaxing)
 .debug_str     0x00001426       0xdc libraries/lib-mcu/libstm32l1.a(stm32l1xx_exti.o)
                                0x33e (size before relaxing)
 .debug_str     0x00001502      0x168 libraries/lib-mcu/libstm32l1.a(stm32l1xx_gpio.o)
                                0x4cb (size before relaxing)
 .debug_str     0x0000166a      0x40b libraries/lib-mcu/libstm32l1.a(stm32l1xx_i2c.o)
                                0x66b (size before relaxing)
 .debug_str     0x00001a75      0x377 libraries/lib-mcu/libstm32l1.a(stm32l1xx_rcc.o)
                                0x6ec (size before relaxing)
 .debug_str     0x00001dec      0x28d libraries/lib-mcu/libstm32l1.a(stm32l1xx_spi.o)
                                0x619 (size before relaxing)
 .debug_str     0x00002079      0x2ad libraries/lib-mcu/libstm32l1.a(stm32l1xx_syscfg.o)
                                0x462 (size before relaxing)
 .debug_str     0x00002326      0x36a libraries/lib-mcu/libstm32l1.a(stm32l1xx_usart.o)
                                0x6ac (size before relaxing)
 .debug_str     0x00002690      0x18c /home/mikhail/bin/arm-cortexm3-eabi/lib/gcc/arm-cortexm3-eabi/13.2.0/../../../../arm-cortexm3-eabi/lib/libg.a(libc_a-init.o)
                                0x215 (size before relaxing)

.debug_loc
 *(.debug_loc)

.debug_macinfo
 *(.debug_macinfo)

.debug_weaknames
 *(.debug_weaknames)

.debug_funcnames
 *(.debug_funcnames)

.debug_typenames
 *(.debug_typenames)

.debug_varnames
 *(.debug_varnames)
OUTPUT(main.elf elf32-littlearm)
LOAD linker stubs
LOAD /home/mikhail/bin/arm-cortexm3-eabi/lib/gcc/arm-cortexm3-eabi/13.2.0/../../../../arm-cortexm3-eabi/lib/libc.a
LOAD /home/mikhail/bin/arm-cortexm3-eabi/lib/gcc/arm-cortexm3-eabi/13.2.0/../../../../arm-cortexm3-eabi/lib/libm.a
LOAD /home/mikhail/bin/arm-cortexm3-eabi/lib/gcc/arm-cortexm3-eabi/13.2.0/libgcc.a

.debug_line_str
                0x00000000       0x5a
 .debug_line_str
                0x00000000       0x5a /tmp/ccjNAgLg.o

.debug_rnglists
                0x00000000       0xae
 .debug_rnglists
                0x00000000       0x19 /tmp/ccjNAgLg.o
 .debug_rnglists
                0x00000019       0x1a /tmp/cc9j2Aeb.o
 .debug_rnglists
                0x00000033       0x43 /tmp/ccXb8Lvg.o
 .debug_rnglists
                0x00000076       0x1f /tmp/ccX8lPfw.o
 .debug_rnglists
                0x00000095       0x19 libraries/lib-mcu/libstm32l1.a(stm32l1xx_rcc.o)

.debug_loclists
                0x00000000     0x1f28
 .debug_loclists
                0x00000000       0xea /tmp/cc9j2Aeb.o
 .debug_loclists
                0x000000ea      0x1be libraries/lib-board/libstm32l1b.a(stm32l152_eval.o)
 .debug_loclists
                0x000002a8       0xbd libraries/lib-mcu/libstm32l1.a(misc.o)
 .debug_loclists
                0x00000365       0xb1 libraries/lib-mcu/libstm32l1.a(stm32l1xx_dma.o)
 .debug_loclists
                0x00000416       0xd7 libraries/lib-mcu/libstm32l1.a(stm32l1xx_exti.o)
 .debug_loclists
                0x000004ed      0x33e libraries/lib-mcu/libstm32l1.a(stm32l1xx_gpio.o)
 .debug_loclists
                0x0000082b      0x541 libraries/lib-mcu/libstm32l1.a(stm32l1xx_i2c.o)
 .debug_loclists
                0x00000d6c      0x3ba libraries/lib-mcu/libstm32l1.a(stm32l1xx_rcc.o)
 .debug_loclists
                0x00001126      0x49e libraries/lib-mcu/libstm32l1.a(stm32l1xx_spi.o)
 .debug_loclists
                0x000015c4      0x31a libraries/lib-mcu/libstm32l1.a(stm32l1xx_syscfg.o)
 .debug_loclists
                0x000018de      0x620 libraries/lib-mcu/libstm32l1.a(stm32l1xx_usart.o)
 .debug_loclists
                0x00001efe       0x2a /home/mikhail/bin/arm-cortexm3-eabi/lib/gcc/arm-cortexm3-eabi/13.2.0/../../../../arm-cortexm3-eabi/lib/libg.a(libc_a-init.o)
